<html>
<body>
<pre>
<h1>µVision Build Log</h1>
<h2>Tool Versions:</h2>
IDE-Version: µVision V5.37.0.0
Copyright (C) 2022 ARM Ltd and ARM Germany GmbH. All rights reserved.
License Information: a iran, b, LIC=NHYH9-47G0M-17ERR-KA2A2-A8NHS-N4FYN
 
Tool Versions:
Toolchain:       MDK-ARM Professional  Version: 5.37.0.0
Toolchain Path:  E:\a\kiel\ARM\ARMCLANG\Bin
C Compiler:      ArmClang.exe V6.18
Assembler:       Armasm.exe V6.18
Linker/Locator:  ArmLink.exe V6.18
Library Manager: ArmAr.exe V6.18
Hex Converter:   FromElf.exe V6.18
CPU DLL:         SARMCM3.DLL V5.37.0.0
Dialog DLL:      DCM.DLL V1.17.5.0
Target DLL:      UL2CM3.DLL V1.164.7.0
Dialog DLL:      TCM.DLL V1.56.1.0
 
<h2>Project:</h2>
C:\Users\iran\Desktop\New folder\c examples\variance\ARM-MDK\variance.uvprojx
Project File Date:  02/01/2023

<h2>Output:</h2>
*** Using Compiler 'V6.18', folder: 'E:\a\kiel\ARM\ARMCLANG\Bin'
Build target 'Target 1'
../Src/statstics.c(2): warning: In file included from...
../Inc\statstics.h(11): warning: // comments are not allowed in this language [-Wcomment]
//define an object with 10 byte array & variables
^
../Src/statstics.c(12): warning: // comments are not allowed in this language [-Wcomment]
//for user to change the value
^
../Src/statstics.c(2): warning: In file included from...
../Inc\statstics.h(16): warning: padding struct 'stat_type' with 2 bytes to align 'mean' [-Wpadded]
        float mean;
              ^
../Src/statstics.c(90): warning: implicit conversion increases floating-point precision: 'float' to 'double' [-Wdouble-promotion]
        obj -> standard_dev= (float) sqrt (var);
                                     ~~~~  ^~~
4 warnings generated.
compiling statstics.c...
../Src/main.c(2): warning: In file included from...
../Inc\statstics.h(11): warning: // comments are not allowed in this language [-Wcomment]
//define an object with 10 byte array & variables
^
../Src/main.c(4): warning: // comments are not allowed in this language [-Wcomment]
stat_type sample; // define a sample of an object for testing 
                  ^
../Src/main.c(2): warning: In file included from...
../Inc\statstics.h(16): warning: padding struct 'stat_type' with 2 bytes to align 'mean' [-Wpadded]
        float mean;
              ^
../Src/main.c(12): warning: implicit conversion loses integer precision: 'unsigned int' to 'unsigned char' [-Wimplicit-int-conversion]
                Set_Data (&sample, cnt ,cnt);
                ~~~~~~~~                ^~~
../Src/main.c(23): warning: implicit conversion increases floating-point precision: 'float' to 'double' [-Wdouble-promotion]
        printf ("Mean = %f \n", sample.mean);
        ~~~~~~                  ~~~~~~~^~~~
../Src/main.c(24): warning: implicit conversion increases floating-point precision: 'float' to 'double' [-Wdouble-promotion]
        printf ("Variance = %f \n", sample.variance);
        ~~~~~~                      ~~~~~~~^~~~~~~~
../Src/main.c(25): warning: implicit conversion increases floating-point precision: 'float' to 'double' [-Wdouble-promotion]
        printf ("Standard_Deviation = %f \n", sample.standard_dev);
        ~~~~~~                                ~~~~~~~^~~~~~~~~~~~
../Src/main.c(4): warning: no previous extern declaration for non-static variable 'sample' [-Wmissing-variable-declarations]
stat_type sample; // define a sample of an object for testing 
          ^
../Src/main.c(4): note: declare 'static' if the variable is not intended to be used outside of this translation unit
stat_type sample; // define a sample of an object for testing 
^
8 warnings generated.
compiling main.c...
linking...
Program Size: Code=13120 RO-data=936 RW-data=12 ZI-data=1924  
".\Objects\variance.axf" - 0 Error(s), 12 Warning(s).

<h2>Software Packages used:</h2>

Package Vendor: ARM
                http://www.keil.com/pack/ARM.CMSIS.5.9.0.pack
                ARM.CMSIS.5.9.0
                CMSIS (Common Microcontroller Software Interface Standard)
   * Component: CORE Version: 5.6.0

Package Vendor: Keil
                https://www.keil.com/pack/Keil.ARM_Compiler.1.7.2.pack
                Keil.ARM_Compiler.1.7.2
                Keil ARM Compiler extensions for ARM Compiler 5 and ARM Compiler 6
   * Component: STDOUT Variant: ITM Version: 1.2.0

Package Vendor: Keil
                http://www.keil.com/pack/Keil.STM32F1xx_DFP.2.4.0.pack
                Keil.STM32F1xx_DFP.2.4.0
                STMicroelectronics STM32F1 Series Device Support, Drivers and Examples
   * Component: Startup Version: 1.0.0

<h2>Collection of Component include folders:</h2>
  ./RTE/Device/STM32F103C8
  ./RTE/_Target_1
  E:/a/kiel/ARM/CMSIS/5.9.0/CMSIS/Core/Include
  E:/a/kiel/Keil/STM32F1xx_DFP/2.4.0/Device/Include

<h2>Collection of Component Files used:</h2>

   * Component: ARM::CMSIS:CORE:5.6.0

   * Component: Keil.ARM Compiler::Compiler:I/O:STDOUT:ITM:1.2.0
      Source file:   Source/retarget_io.c

   * Component: Keil::Device:Startup:1.0.0
      Source file:   Device/Source/system_stm32f10x.c
      Source file:   Device/Source/ARM/STM32F1xx_OPT.s
      Source file:   Device/Source/ARM/startup_stm32f10x_md.s
      Include file:  RTE_Driver/Config/RTE_Device.h
Build Time Elapsed:  00:00:01
</pre>
</body>
</html>
