Component: Arm Compiler for Embedded 6.18 Tool: armlink [5e4cc100]

==============================================================================

Section Cross References

    main.o(.text.main) refers to main.o(.bss.sample) for sample
    main.o(.text.main) refers to statstics.o(.text.Set_Data) for Set_Data
    main.o(.text.main) refers to statstics.o(.text.Calc_Mean) for Calc_Mean
    main.o(.text.main) refers to statstics.o(.text.Calc_Variance) for Calc_Variance
    main.o(.text.main) refers to statstics.o(.text.Calc_Standard_dev) for Calc_Standard_dev
    main.o(.text.main) refers to main.o(.rodata.str1.1) for .L.str
    main.o(.text.main) refers to printf.o(.text) for printf
    main.o(.text.main) refers to f2d.o(x$fpl$f2d) for __aeabi_f2d
    main.o(.ARM.exidx.text.main) refers to main.o(.text.main) for [Anonymous Symbol]
    statstics.o(.ARM.exidx.text.Set_Data) refers to statstics.o(.text.Set_Data) for [Anonymous Symbol]
    statstics.o(.text.Calc_Mean) refers to fflt_clz.o(x$fpl$fflt) for __aeabi_i2f
    statstics.o(.text.Calc_Mean) refers to faddsub_clz.o(x$fpl$fadd) for __aeabi_fadd
    statstics.o(.text.Calc_Mean) refers to fdiv.o(x$fpl$fdiv) for __aeabi_fdiv
    statstics.o(.ARM.exidx.text.Calc_Mean) refers to statstics.o(.text.Calc_Mean) for [Anonymous Symbol]
    statstics.o(.text.Calc_Variance) refers to statstics.o(.text.Calc_Mean) for Calc_Mean
    statstics.o(.text.Calc_Variance) refers to fflt_clz.o(x$fpl$fflt) for __aeabi_i2f
    statstics.o(.text.Calc_Variance) refers to faddsub_clz.o(x$fpl$fsub) for __aeabi_fsub
    statstics.o(.text.Calc_Variance) refers to fmul.o(x$fpl$fmul) for __aeabi_fmul
    statstics.o(.text.Calc_Variance) refers to faddsub_clz.o(x$fpl$fadd) for __aeabi_fadd
    statstics.o(.text.Calc_Variance) refers to fdiv.o(x$fpl$fdiv) for __aeabi_fdiv
    statstics.o(.ARM.exidx.text.Calc_Variance) refers to statstics.o(.text.Calc_Variance) for [Anonymous Symbol]
    statstics.o(.text.Calc_Standard_dev) refers to statstics.o(.text.Calc_Variance) for Calc_Variance
    statstics.o(.text.Calc_Standard_dev) refers to f2d.o(x$fpl$f2d) for __aeabi_f2d
    statstics.o(.text.Calc_Standard_dev) refers to sqrt.o(i.sqrt) for sqrt
    statstics.o(.text.Calc_Standard_dev) refers to d2f.o(x$fpl$d2f) for __aeabi_d2f
    statstics.o(.ARM.exidx.text.Calc_Standard_dev) refers to statstics.o(.text.Calc_Standard_dev) for [Anonymous Symbol]
    retarget_io.o(.ARM.exidx.text.ITM_SendChar) refers to retarget_io.o(.text.ITM_SendChar) for [Anonymous Symbol]
    retarget_io.o(.text.ITM_ReceiveChar) refers to retarget_io.o(.data.ITM_RxBuffer) for ITM_RxBuffer
    retarget_io.o(.ARM.exidx.text.ITM_ReceiveChar) refers to retarget_io.o(.text.ITM_ReceiveChar) for [Anonymous Symbol]
    retarget_io.o(.text._sys_open) refers to retarget_io.o(.rodata.str1.1) for .L.str
    retarget_io.o(.text._sys_open) refers to strcmpv7m.o(.text) for strcmp
    retarget_io.o(.ARM.exidx.text._sys_open) refers to retarget_io.o(.text._sys_open) for [Anonymous Symbol]
    retarget_io.o(.ARM.exidx.text._sys_close) refers to retarget_io.o(.text._sys_close) for [Anonymous Symbol]
    retarget_io.o(.text._sys_write) refers to retarget_io.o(.text.stdout_putchar) for stdout_putchar
    retarget_io.o(.ARM.exidx.text._sys_write) refers to retarget_io.o(.text._sys_write) for [Anonymous Symbol]
    retarget_io.o(.text.stdout_putchar) refers to retarget_io.o(.text.ITM_SendChar) for ITM_SendChar
    retarget_io.o(.ARM.exidx.text.stdout_putchar) refers to retarget_io.o(.text.stdout_putchar) for [Anonymous Symbol]
    retarget_io.o(.ARM.exidx.text._sys_read) refers to retarget_io.o(.text._sys_read) for [Anonymous Symbol]
    retarget_io.o(.ARM.exidx.text._sys_istty) refers to retarget_io.o(.text._sys_istty) for [Anonymous Symbol]
    retarget_io.o(.ARM.exidx.text._sys_seek) refers to retarget_io.o(.text._sys_seek) for [Anonymous Symbol]
    retarget_io.o(.ARM.exidx.text._sys_flen) refers to retarget_io.o(.text._sys_flen) for [Anonymous Symbol]
    startup_stm32f10x_md.o(STACK) refers (Special) to heapauxi.o(.text) for __use_two_region_memory
    startup_stm32f10x_md.o(HEAP) refers (Special) to heapauxi.o(.text) for __use_two_region_memory
    startup_stm32f10x_md.o(RESET) refers (Special) to heapauxi.o(.text) for __use_two_region_memory
    startup_stm32f10x_md.o(RESET) refers to startup_stm32f10x_md.o(STACK) for __initial_sp
    startup_stm32f10x_md.o(RESET) refers to startup_stm32f10x_md.o(.text) for Reset_Handler
    startup_stm32f10x_md.o(.text) refers (Special) to heapauxi.o(.text) for __use_two_region_memory
    startup_stm32f10x_md.o(.text) refers to system_stm32f10x.o(.text.SystemInit) for SystemInit
    startup_stm32f10x_md.o(.text) refers to __main.o(!!!main) for __main
    startup_stm32f10x_md.o(.text) refers to startup_stm32f10x_md.o(HEAP) for Heap_Mem
    startup_stm32f10x_md.o(.text) refers to startup_stm32f10x_md.o(STACK) for Stack_Mem
[...]
    .ARM.Collect$$libinit$$00000004          0x080001f2   Section        0  libinit2.o(.ARM.Collect$$libinit$$00000004)
    .ARM.Collect$$libinit$$00000006          0x080001f2   Section        0  libinit2.o(.ARM.Collect$$libinit$$00000006)
    .ARM.Collect$$libinit$$00000007          0x080001f2   Section        8  libinit2.o(.ARM.Collect$$libinit$$00000007)
    .ARM.Collect$$libinit$$0000000C          0x080001fa   Section        0  libinit2.o(.ARM.Collect$$libinit$$0000000C)
    .ARM.Collect$$libinit$$0000000E          0x080001fa   Section        0  libinit2.o(.ARM.Collect$$libinit$$0000000E)
    .ARM.Collect$$libinit$$00000010          0x080001fa   Section        0  libinit2.o(.ARM.Collect$$libinit$$00000010)
    .ARM.Collect$$libinit$$00000011          0x080001fa   Section        6  libinit2.o(.ARM.Collect$$libinit$$00000011)
    .ARM.Collect$$libinit$$00000013          0x08000200   Section        0  libinit2.o(.ARM.Collect$$libinit$$00000013)
    .ARM.Collect$$libinit$$00000014          0x08000200   Section       12  libinit2.o(.ARM.Collect$$libinit$$00000014)
    .ARM.Collect$$libinit$$00000015          0x0800020c   Section        0  libinit2.o(.ARM.Collect$$libinit$$00000015)
    .ARM.Collect$$libinit$$00000017          0x0800020c   Section        0  libinit2.o(.ARM.Collect$$libinit$$00000017)
    .ARM.Collect$$libinit$$00000018          0x0800020c   Section       10  libinit2.o(.ARM.Collect$$libinit$$00000018)
    .ARM.Collect$$libinit$$00000019          0x08000216   Section        0  libinit2.o(.ARM.Collect$$libinit$$00000019)
    .ARM.Collect$$libinit$$0000001B          0x08000216   Section        0  libinit2.o(.ARM.Collect$$libinit$$0000001B)
    .ARM.Collect$$libinit$$0000001D          0x08000216   Section        0  libinit2.o(.ARM.Collect$$libinit$$0000001D)
    .ARM.Collect$$libinit$$0000001F          0x08000216   Section        0  libinit2.o(.ARM.Collect$$libinit$$0000001F)
    .ARM.Collect$$libinit$$00000021          0x08000216   Section        0  libinit2.o(.ARM.Collect$$libinit$$00000021)
    .ARM.Collect$$libinit$$00000023          0x08000216   Section        0  libinit2.o(.ARM.Collect$$libinit$$00000023)
    .ARM.Collect$$libinit$$00000025          0x08000216   Section        0  libinit2.o(.ARM.Collect$$libinit$$00000025)
    .ARM.Collect$$libinit$$00000026          0x08000216   Section        4  libinit2.o(.ARM.Collect$$libinit$$00000026)
    .ARM.Collect$$libinit$$00000027          0x0800021a   Section        0  libinit2.o(.ARM.Collect$$libinit$$00000027)
    .ARM.Collect$$libinit$$0000002E          0x0800021a   Section        0  libinit2.o(.ARM.Collect$$libinit$$0000002E)
    .ARM.Collect$$libinit$$00000030          0x0800021a   Section        0  libinit2.o(.ARM.Collect$$libinit$$00000030)
    .ARM.Collect$$libinit$$00000032          0x0800021a   Section        0  libinit2.o(.ARM.Collect$$libinit$$00000032)
    .ARM.Collect$$libinit$$00000034          0x0800021a   Section        0  libinit2.o(.ARM.Collect$$libinit$$00000034)
    .ARM.Collect$$libinit$$00000035          0x0800021a   Section        2  libinit2.o(.ARM.Collect$$libinit$$00000035)
    .ARM.Collect$$libshutdown$$00000000      0x0800021c   Section        2  libshutdown.o(.ARM.Collect$$libshutdown$$00000000)
    .ARM.Collect$$libshutdown$$00000002      0x0800021e   Section        0  libshutdown2.o(.ARM.Collect$$libshutdown$$00000002)
    .ARM.Collect$$libshutdown$$00000003      0x0800021e   Section        4  libshutdown2.o(.ARM.Collect$$libshutdown$$00000003)
    .ARM.Collect$$libshutdown$$00000004      0x08000222   Section        0  libshutdown2.o(.ARM.Collect$$libshutdown$$00000004)
    .ARM.Collect$$libshutdown$$00000007      0x08000222   Section        0  libshutdown2.o(.ARM.Collect$$libshutdown$$00000007)
    .ARM.Collect$$libshutdown$$0000000A      0x08000222   Section        0  libshutdown2.o(.ARM.Collect$$libshutdown$$0000000A)
    .ARM.Collect$$libshutdown$$0000000C      0x08000222   Section        0  libshutdown2.o(.ARM.Collect$$libshutdown$$0000000C)
    .ARM.Collect$$libshutdown$$0000000F      0x08000222   Section        0  libshutdown2.o(.ARM.Collect$$libshutdown$$0000000F)
    .ARM.Collect$$libshutdown$$00000010      0x08000222   Section        2  libshutdown2.o(.ARM.Collect$$libshutdown$$00000010)
    .ARM.Collect$$rtentry$$00000000          0x08000224   Section        0  __rtentry.o(.ARM.Collect$$rtentry$$00000000)
    .ARM.Collect$$rtentry$$00000002          0x08000224   Section        0  __rtentry2.o(.ARM.Collect$$rtentry$$00000002)
    .ARM.Collect$$rtentry$$00000004          0x08000224   Section        6  __rtentry4.o(.ARM.Collect$$rtentry$$00000004)
    .ARM.Collect$$rtentry$$00000009          0x0800022a   Section        0  __rtentry2.o(.ARM.Collect$$rtentry$$00000009)
    .ARM.Collect$$rtentry$$0000000A          0x0800022a   Section        4  __rtentry2.o(.ARM.Collect$$rtentry$$0000000A)
    .ARM.Collect$$rtentry$$0000000C          0x0800022e   Section        0  __rtentry2.o(.ARM.Collect$$rtentry$$0000000C)
    .ARM.Collect$$rtentry$$0000000D          0x0800022e   Section        8  __rtentry2.o(.ARM.Collect$$rtentry$$0000000D)
    .ARM.Collect$$rtexit$$00000000           0x08000236   Section        2  rtexit.o(.ARM.Collect$$rtexit$$00000000)
    .ARM.Collect$$rtexit$$00000002           0x08000238   Section        0  rtexit2.o(.ARM.Collect$$rtexit$$00000002)
    .ARM.Collect$$rtexit$$00000003           0x08000238   Section        4  rtexit2.o(.ARM.Collect$$rtexit$$00000003)
    .ARM.Collect$$rtexit$$00000004           0x0800023c   Section        6  rtexit2.o(.ARM.Collect$$rtexit$$00000004)
    .text                                    0x08000244   Section       64  startup_stm32f10x_md.o(.text)
    .text                                    0x08000284   Section        0  printf.o(.text)
    .text                                    0x0800029c   Section      128  strcmpv7m.o(.text)
    .text                                    0x0800031c   Section        0  heapauxi.o(.text)
    .text                                    0x08000322   Section        0  _rserrno.o(.text)
    .text                                    0x08000338   Section        0  _printf_pad.o(.text)
    .text                                    0x08000386   Section        0  _printf_truncate.o(.text)
    .text                                    0x080003aa   Section        0  _printf_str.o(.text)
    .text                                    0x080003fc   Section        0  _printf_dec.o(.text)
    .text                                    0x08000474   Section        0  _printf_charcount.o(.text)
    .text                                    0x0800049c   Section        0  _printf_char_file.o(.text)
    .text                                    0x080004c0   Section        0  _printf_wctomb.o(.text)
    .text                                    0x0800057c   Section        0  _printf_longlong_dec.o(.text)
    _printf_longlong_oct_internal            0x080005f9   Thumb Code     0  _printf_oct_int_ll.o(.text)
    .text                                    0x080005f8   Section        0  _printf_oct_int_ll.o(.text)
    _printf_hex_common                       0x08000669   Thumb Code     0  _printf_hex_int_ll_ptr.o(.text)
    .text                                    0x08000668   Section        0  _printf_hex_int_ll_ptr.o(.text)
    .text                                    0x080006fc   Section        0  __printf_flags_ss_wp.o(.text)
    .text                                    0x08000884   Section        8  rt_errno_addr_intlibspace.o(.text)
    .text                                    0x0800088c   Section      138  lludiv10.o(.text)
    .text                                    0x08000916   Section        0  _printf_intcommon.o(.text)
    _fp_digits                               0x080009c9   Thumb Code   432  _printf_fp_dec.o(.text)
    .text                                    0x080009c8   Section        0  _printf_fp_dec.o(.text)
    .text                                    0x08000de4   Section        0  _printf_fp_hex.o(.text)
    _printf_input_char                       0x080010e1   Thumb Code    10  _printf_char_common.o(.text)
    .text                                    0x080010e0   Section        0  _printf_char_common.o(.text)
    .text                                    0x08001110   Section        0  _printf_char.o(.text)
    .text                                    0x0800113c   Section        0  _printf_wchar.o(.text)
    .text                                    0x08001168   Section        0  ferror.o(.text)
    .text                                    0x08001170   Section        0  initio.o(.text)
    .text                                    0x080012a8   Section        0  _c16rtomb.o(.text)
    .text                                    0x080012f0   Section        8  libspace.o(.text)
    .text                                    0x080012f8   Section       74  sys_stackheap_outer.o(.text)
    .text                                    0x08001344   Section       16  rt_ctype_table.o(.text)
    .text                                    0x08001354   Section        8  rt_locale_intlibspace.o(.text)
    .text                                    0x0800135c   Section        0  h1_free.o(.text)
    .text                                    0x080013ac   Section        0  _printf_fp_infnan.o(.text)
    .text                                    0x0800142c   Section        0  bigflt0.o(.text)
    .text                                    0x08001510   Section        0  flsbuf.o(.text)
    .text                                    0x080016f2   Section        0  setvbuf.o(.text)
    _freopen_locked                          0x08001739   Thumb Code     0  fopen.o(.text)
    .text                                    0x08001738   Section        0  fopen.o(.text)
    .text                                    0x08001828   Section        0  fclose.o(.text)
    .text                                    0x08001874   Section        0  exit.o(.text)
    .text                                    0x08001886   Section        0  defsig_rtred_outer.o(.text)
    .text                                    0x08001894   Section       78  rt_memclr_w.o(.text)
    .text                                    0x080018e4   Section        8  rt_heap_descriptor_intlibspace.o(.text)
    .text                                    0x080018ec   Section        0  hguard.o(.text)
    .text                                    0x080018f0   Section        0  init_alloc.o(.text)
    .text                                    0x0800197a   Section        0  h1_alloc.o(.text)
    .text                                    0x080019d8   Section        0  fseek.o(.text)
    .text                                    0x08001ad0   Section        0  stdio.o(.text)
    .text                                    0x08001bc0   Section        0  defsig_exit.o(.text)
    .text                                    0x08001bcc   Section        0  defsig_rtred_inner.o(.text)
    .text                                    0x08001c00   Section        0  sys_exit.o(.text)
    .text                                    0x08001c0c   Section        0  maybetermalloc1.o(.text)
    .text                                    0x08001c0c   Section        0  h1_init.o(.text)
    .text                                    0x08001c1a   Section        0  h1_extend.o(.text)
    .text                                    0x08001c4e   Section        0  ftell.o(.text)
    .text                                    0x08001c90   Section        0  defsig_general.o(.text)
    .text                                    0x08001cc2   Section        0  defsig_rtmem_outer.o(.text)
    .text                                    0x08001cd0   Section        0  sys_wrch.o(.text)
    .text                                    0x08001cde   Section        2  use_no_semi.o(.text)
    .text                                    0x08001ce0   Section        0  indicate_semi.o(.text)
    .text                                    0x08001ce0   Section        0  defsig_rtmem_inner.o(.text)
    [Anonymous Symbol]                       0x08001d30   Section        0  statstics.o(.text.Calc_Mean)
    [Anonymous Symbol]                       0x08001d8c   Section        0  statstics.o(.text.Calc_Standard_dev)
    [Anonymous Symbol]                       0x08001dc8   Section        0  statstics.o(.text.Calc_Variance)
    [Anonymous Symbol]                       0x08001e4c   Section        0  retarget_io.o(.text.ITM_SendChar)
    SetSysClock                              0x08001e91   Thumb Code     8  system_stm32f10x.o(.text.SetSysClock)
    [Anonymous Symbol]                       0x08001e90   Section        0  system_stm32f10x.o(.text.SetSysClock)
    SetSysClockTo72                          0x08001e99   Thumb Code   290  system_stm32f10x.o(.text.SetSysClockTo72)
    [Anonymous Symbol]                       0x08001e98   Section        0  system_stm32f10x.o(.text.SetSysClockTo72)
    [Anonymous Symbol]                       0x08001fbc   Section        0  statstics.o(.text.Set_Data)
    [Anonymous Symbol]                       0x08001ffc   Section        0  system_stm32f10x.o(.text.SystemInit)
    [Anonymous Symbol]                       0x08002064   Section        0  retarget_io.o(.text._sys_close)
    [Anonymous Symbol]                       0x080020b0   Section        0  retarget_io.o(.text._sys_flen)
    [Anonymous Symbol]                       0x080020f8   Section        0  retarget_io.o(.text._sys_istty)
    [Anonymous Symbol]                       0x08002140   Section        0  retarget_io.o(.text._sys_open)
    [Anonymous Symbol]                       0x080021c4   Section        0  retarget_io.o(.text._sys_seek)
    [Anonymous Symbol]                       0x08002218   Section        0  retarget_io.o(.text._sys_write)
    [Anonymous Symbol]                       0x08002290   Section        0  main.o(.text.main)
    stdout_putchar                           0x08002361   Thumb Code    16  retarget_io.o(.text.stdout_putchar)
    [Anonymous Symbol]                       0x08002360   Section        0  retarget_io.o(.text.stdout_putchar)
    CL$$btod_d2e                             0x08002370   Section       62  btod.o(CL$$btod_d2e)
    CL$$btod_d2e_denorm_low                  0x080023ae   Section       70  btod.o(CL$$btod_d2e_denorm_low)
    CL$$btod_d2e_norm_op1                    0x080023f4   Section       96  btod.o(CL$$btod_d2e_norm_op1)
    CL$$btod_div_common                      0x08002454   Section      824  btod.o(CL$$btod_div_common)
    CL$$btod_e2e                             0x0800278c   Section      220  btod.o(CL$$btod_e2e)
    CL$$btod_ediv                            0x08002868   Section       42  btod.o(CL$$btod_ediv)
    CL$$btod_emul                            0x08002892   Section       42  btod.o(CL$$btod_emul)
    CL$$btod_mult_common                     0x080028bc   Section      580  btod.o(CL$$btod_mult_common)
    i.__ARM_fpclassify                       0x08002b00   Section        0  fpclassify.o(i.__ARM_fpclassify)
    i._is_digit                              0x08002b28   Section        0  __printf_wp.o(i._is_digit)
    i.fputc                                  0x08002b36   Section        0  fputc.o(i.fputc)
    i.sqrt                                   0x08002b52   Section        0  sqrt.o(i.sqrt)
    locale$$code                             0x08002ba0   Section       44  lc_numeric_c.o(locale$$code)
    locale$$code                             0x08002bcc   Section       44  lc_ctype_c.o(locale$$code)
    x$fpl$d2f                                0x08002bf8   Section       98  d2f.o(x$fpl$d2f)
    x$fpl$dnaninf                            0x08002c5a   Section      156  dnaninf.o(x$fpl$dnaninf)
    x$fpl$dretinf                            0x08002cf6   Section       12  dretinf.o(x$fpl$dretinf)
    x$fpl$dsqrt                              0x08002d04   Section      460  dsqrt_noumaal.o(x$fpl$dsqrt)
    x$fpl$f2d                                0x08002ed0   Section       86  f2d.o(x$fpl$f2d)
    x$fpl$fadd                               0x08002f28   Section      196  faddsub_clz.o(x$fpl$fadd)
    _fadd1                                   0x08002f37   Thumb Code     0  faddsub_clz.o(x$fpl$fadd)
    _fdiv1                                   0x08002fed   Thumb Code     0  fdiv.o(x$fpl$fdiv)
    x$fpl$fdiv                               0x08002fec   Section      388  fdiv.o(x$fpl$fdiv)
    x$fpl$fflt                               0x08003170   Section       48  fflt_clz.o(x$fpl$fflt)
    x$fpl$fmul                               0x080031a0   Section      258  fmul.o(x$fpl$fmul)
    x$fpl$fnaninf                            0x080032a2   Section      140  fnaninf.o(x$fpl$fnaninf)
    x$fpl$fretinf                            0x0800332e   Section       10  fretinf.o(x$fpl$fretinf)
    x$fpl$fsub                               0x08003338   Section      234  faddsub_clz.o(x$fpl$fsub)
    _fsub1                                   0x08003347   Thumb Code     0  faddsub_clz.o(x$fpl$fsub)
    x$fpl$printf1                            0x08003422   Section        4  printf1.o(x$fpl$printf1)
    x$fpl$printf2                            0x08003426   Section        4  printf2.o(x$fpl$printf2)
    x$fpl$usenofp                            0x0800342a   Section        0  usenofp.o(x$fpl$usenofp)
    initial_mbstate                          0x0800342c   Data           8  _printf_wctomb.o(.constdata)
    .constdata                               0x0800342c   Section        8  _printf_wctomb.o(.constdata)
    uc_hextab                                0x08003434   Data          20  _printf_hex_int_ll_ptr.o(.constdata)
    .constdata                               0x08003434   Section       40  _printf_hex_int_ll_ptr.o(.constdata)
    lc_hextab                                0x08003448   Data          20  _printf_hex_int_ll_ptr.o(.constdata)
    maptable                                 0x0800345c   Data          17  __printf_flags_ss_wp.o(.constdata)
    .constdata                               0x0800345c   Section       17  __printf_flags_ss_wp.o(.constdata)
    lc_hextab                                0x0800346d   Data          19  _printf_fp_hex.o(.constdata)
    .constdata                               0x0800346d   Section       38  _printf_fp_hex.o(.constdata)
    uc_hextab                                0x08003480   Data          19  _printf_fp_hex.o(.constdata)
    tenpwrs_x                                0x08003494   Data          60  bigflt0.o(.constdata)
    .constdata                               0x08003494   Section      148  bigflt0.o(.constdata)
    tenpwrs_i                                0x080034d0   Data          64  bigflt0.o(.constdata)
    .L.str                                   0x0800353f   Data          16  main.o(.rodata.str1.1)
    [Anonymous Symbol]                       0x0800353f   Section        0  main.o(.rodata.str1.1)
    .L.str.2                                 0x0800354f   Data          16  main.o(.rodata.str1.1)
    .L.str.1                                 0x0800355f   Data          12  main.o(.rodata.str1.1)
    .L.str.3                                 0x0800356b   Data          26  main.o(.rodata.str1.1)
    .L.str                                   0x08003585   Data           7  retarget_io.o(.rodata.str1.1)
    [Anonymous Symbol]                       0x08003585   Section        0  retarget_io.o(.rodata.str1.1)
    .L.str.2                                 0x0800358c   Data           8  retarget_io.o(.rodata.str1.1)
    .L.str.1                                 0x08003594   Data           8  retarget_io.o(.rodata.str1.1)
    locale$$data                             0x080035bc   Section       28  lc_numeric_c.o(locale$$data)
    __lcnum_c_name                           0x080035c0   Data           2  lc_numeric_c.o(locale$$data)
    __lcnum_c_start                          0x080035c8   Data           0  lc_numeric_c.o(locale$$data)
    __lcnum_c_point                          0x080035d4   Data           0  lc_numeric_c.o(locale$$data)
    __lcnum_c_thousands                      0x080035d6   Data           0  lc_numeric_c.o(locale$$data)
    __lcnum_c_grouping                       0x080035d7   Data           0  lc_numeric_c.o(locale$$data)
    __lcnum_c_end                            0x080035d8   Data           0  lc_numeric_c.o(locale$$data)
    locale$$data                             0x080035d8   Section      272  lc_ctype_c.o(locale$$data)
    __lcctype_c_name                         0x080035dc   Data           2  lc_ctype_c.o(locale$$data)
    __lcctype_c_start                        0x080035e4   Data           0  lc_ctype_c.o(locale$$data)
    __lcctype_c_end                          0x080036e8   Data           0  lc_ctype_c.o(locale$$data)
    .data                                    0x20000000   Section        4  stdio_streams.o(.data)
    .data                                    0x20000004   Section        4  stdio_streams.o(.data)
    .data                                    0x20000008   Section        4  stdio_streams.o(.data)
    .bss                                     0x20000010   Section       84  stdio_streams.o(.bss)
    .bss                                     0x20000064   Section       84  stdio_streams.o(.bss)
    .bss                                     0x200000b8   Section       84  stdio_streams.o(.bss)
    .bss                                     0x2000010c   Section       96  libspace.o(.bss)
    Heap_Mem                                 0x20000190   Data         512  startup_stm32f10x_md.o(HEAP)
    HEAP                                     0x20000190   Section      512  startup_stm32f10x_md.o(HEAP)
    Stack_Mem                                0x20000390   Data        1024  startup_stm32f10x_md.o(STACK)
    STACK                                    0x20000390   Section     1024  startup_stm32f10x_md.o(STACK)
    __initial_sp                             0x20000790   Data           0  startup_stm32f10x_md.o(STACK)

    Global Symbols

    Symbol Name                              Value     Ov Type        Size  Object(Section)

    BuildAttributes$$THM_ISAv4$P$D$K$B$S$PE$A:L22UL41UL21$X:L11$S22US41US21$IEEE1$IW$~IW$USESV6$~STKCKD$USESV7$~SHL$OTIME$ROPI$IEEEJ$EBA8$UX$STANDARDLIB$REQ8$PRES8$EABIv2 0x00000000   Number         0  anon$$obj.o ABSOLUTE
    __fp_init_empty                          0x00000000   Number         0  fpinit_empty.o ABSOLUTE
    _printf_flags                            0x00000000   Number         0  printf_stubs.o ABSOLUTE
    _printf_return_value                     0x00000000   Number         0  printf_stubs.o ABSOLUTE
    _printf_sizespec                         0x00000000   Number         0  printf_stubs.o ABSOLUTE
    _printf_widthprec                        0x00000000   Number         0  printf_stubs.o ABSOLUTE
    __ARM_exceptions_init                     - Undefined Weak Reference
    __alloca_initialize                       - Undefined Weak Reference
    __arm_preinit_                            - Undefined Weak Reference
    __arm_relocate_pie_                       - Undefined Weak Reference
    __cpp_initialize__aeabi_                  - Undefined Weak Reference
    __cxa_finalize                            - Undefined Weak Reference
    __sigvec_lookup                           - Undefined Weak Reference
    __user_heap_extent                        - Undefined Weak Reference
    _atexit_init                              - Undefined Weak Reference
    _call_atexit_fns                          - Undefined Weak Reference
    _clock_init                               - Undefined Weak Reference
    _fp_trap_init                             - Undefined Weak Reference
    _fp_trap_shutdown                         - Undefined Weak Reference
    _get_lc_collate                           - Undefined Weak Reference
    _get_lc_monetary                          - Undefined Weak Reference
    _get_lc_time                              - Undefined Weak Reference
    _getenv_init                              - Undefined Weak Reference
    _handle_redirection                       - Undefined Weak Reference
    _mutex_acquire                            - Undefined Weak Reference
    _mutex_free                               - Undefined Weak Reference
    _mutex_release                            - Undefined Weak Reference
    _printf_mbtowc                            - Undefined Weak Reference
    _printf_wc                                - Undefined Weak Reference
    _rand_init                                - Undefined Weak Reference
    _signal_finish                            - Undefined Weak Reference
    _signal_init                              - Undefined Weak Reference
    __Vectors_Size                           0x000000ec   Number         0  startup_stm32f10x_md.o ABSOLUTE
    __Vectors                                0x08000000   Data           4  startup_stm32f10x_md.o(RESET)
    __Vectors_End                            0x080000ec   Data           0  startup_stm32f10x_md.o(RESET)
    __main                                   0x080000ed   Thumb Code     8  __main.o(!!!main)
    __scatterload                            0x080000f5   Thumb Code     0  __scatter.o(!!!scatter)
    __scatterload_rt2                        0x080000f5   Thumb Code    44  __scatter.o(!!!scatter)
    __scatterload_rt2_thumb_only             0x080000f5   Thumb Code     0  __scatter.o(!!!scatter)
    __scatterload_null                       0x08000103   Thumb Code     0  __scatter.o(!!!scatter)
    __scatterload_copy                       0x08000129   Thumb Code    26  __scatter_copy.o(!!handler_copy)
    __scatterload_zeroinit                   0x08000145   Thumb Code    28  __scatter_zi.o(!!handler_zi)
    _printf_n                                0x08000161   Thumb Code     0  _printf_n.o(.ARM.Collect$$_printf_percent$$00000001)
    _printf_percent                          0x08000161   Thumb Code     0  _printf_percent.o(.ARM.Collect$$_printf_percent$$00000000)
    _printf_p                                0x08000167   Thumb Code     0  _printf_p.o(.ARM.Collect$$_printf_percent$$00000002)
    _printf_f                                0x0800016d   Thumb Code     0  _printf_f.o(.ARM.Collect$$_printf_percent$$00000003)
    _printf_e                                0x08000173   Thumb Code     0  _printf_e.o(.ARM.Collect$$_printf_percent$$00000004)
    _printf_g                                0x08000179   Thumb Code     0  _printf_g.o(.ARM.Collect$$_printf_percent$$00000005)
    _printf_a                                0x0800017f   Thumb Code     0  _printf_a.o(.ARM.Collect$$_printf_percent$$00000006)
    _printf_ll                               0x08000185   Thumb Code     0  _printf_ll.o(.ARM.Collect$$_printf_percent$$00000007)
    _printf_i                                0x0800018f   Thumb Code     0  _printf_i.o(.ARM.Collect$$_printf_percent$$00000008)
    _printf_d                                0x08000195   Thumb Code     0  _printf_d.o(.ARM.Collect$$_printf_percent$$00000009)
    _printf_u                                0x0800019b   Thumb Code     0  _printf_u.o(.ARM.Collect$$_printf_percent$$0000000A)
    _printf_o                                0x080001a1   Thumb Code     0  _printf_o.o(.ARM.Collect$$_printf_percent$$0000000B)
    _printf_x                                0x080001a7   Thumb Code     0  _printf_x.o(.ARM.Collect$$_printf_percent$$0000000C)
    _printf_lli                              0x080001ad   Thumb Code     0  _printf_lli.o(.ARM.Collect$$_printf_percent$$0000000D)
    _printf_lld                              0x080001b3   Thumb Code     0  _printf_lld.o(.ARM.Collect$$_printf_percent$$0000000E)
    _printf_llu                              0x080001b9   Thumb Code     0  _printf_llu.o(.ARM.Collect$$_printf_percent$$0000000F)
    _printf_llo                              0x080001bf   Thumb Code     0  _printf_llo.o(.ARM.Collect$$_printf_percent$$00000010)
    _printf_llx                              0x080001c5   Thumb Code     0  _printf_llx.o(.ARM.Collect$$_printf_percent$$00000011)
    _printf_l                                0x080001cb   Thumb Code     0  _printf_l.o(.ARM.Collect$$_printf_percent$$00000012)
    _printf_c                                0x080001d5   Thumb Code     0  _printf_c.o(.ARM.Collect$$_printf_percent$$00000013)
    _printf_s                                0x080001db   Thumb Code     0  _printf_s.o(.ARM.Collect$$_printf_percent$$00000014)
    _printf_lc                               0x080001e1   Thumb Code     0  _printf_lc.o(.ARM.Collect$$_printf_percent$$00000015)
    _printf_ls                               0x080001e7   Thumb Code     0  _printf_ls.o(.ARM.Collect$$_printf_percent$$00000016)
    _printf_percent_end                      0x080001ed   Thumb Code     0  _printf_percent_end.o(.ARM.Collect$$_printf_percent$$00000017)
    __rt_lib_init                            0x080001f1   Thumb Code     0  libinit.o(.ARM.Collect$$libinit$$00000000)
    __rt_lib_init_fp_1                       0x080001f3   Thumb Code     0  libinit2.o(.ARM.Collect$$libinit$$00000002)
    __rt_lib_init_heap_2                     0x080001f3   Thumb Code     0  libinit2.o(.ARM.Collect$$libinit$$00000007)
    __rt_lib_init_preinit_1                  0x080001f3   Thumb Code     0  libinit2.o(.ARM.Collect$$libinit$$00000006)
    __rt_lib_init_relocate_pie_1             0x080001f3   Thumb Code     0  libinit2.o(.ARM.Collect$$libinit$$00000004)
    __rt_lib_init_heap_1                     0x080001fb   Thumb Code     0  libinit2.o(.ARM.Collect$$libinit$$0000000C)
    __rt_lib_init_lc_common                  0x080001fb   Thumb Code     0  libinit2.o(.ARM.Collect$$libinit$$00000011)
    __rt_lib_init_rand_1                     0x080001fb   Thumb Code     0  libinit2.o(.ARM.Collect$$libinit$$00000010)
    __rt_lib_init_user_alloc_1               0x080001fb   Thumb Code     0  libinit2.o(.ARM.Collect$$libinit$$0000000E)
    __rt_lib_init_lc_collate_1               0x08000201   Thumb Code     0  libinit2.o(.ARM.Collect$$libinit$$00000013)
    __rt_lib_init_lc_ctype_2                 0x08000201   Thumb Code     0  libinit2.o(.ARM.Collect$$libinit$$00000014)
    __rt_lib_init_lc_ctype_1                 0x0800020d   Thumb Code     0  libinit2.o(.ARM.Collect$$libinit$$00000015)
    __rt_lib_init_lc_monetary_1              0x0800020d   Thumb Code     0  libinit2.o(.ARM.Collect$$libinit$$00000017)
    __rt_lib_init_lc_numeric_2               0x0800020d   Thumb Code     0  libinit2.o(.ARM.Collect$$libinit$$00000018)
    __rt_lib_init_atexit_1                   0x08000217   Thumb Code     0  libinit2.o(.ARM.Collect$$libinit$$0000001D)
    __rt_lib_init_clock_1                    0x08000217   Thumb Code     0  libinit2.o(.ARM.Collect$$libinit$$00000023)
    __rt_lib_init_fp_trap_1                  0x08000217   Thumb Code     0  libinit2.o(.ARM.Collect$$libinit$$00000021)
    __rt_lib_init_getenv_1                   0x08000217   Thumb Code     0  libinit2.o(.ARM.Collect$$libinit$$00000025)
    __rt_lib_init_lc_numeric_1               0x08000217   Thumb Code     0  libinit2.o(.ARM.Collect$$libinit$$00000019)
    __rt_lib_init_lc_time_1                  0x08000217   Thumb Code     0  libinit2.o(.ARM.Collect$$libinit$$0000001B)
    __rt_lib_init_signal_1                   0x08000217   Thumb Code     0  libinit2.o(.ARM.Collect$$libinit$$0000001F)
    __rt_lib_init_stdio_2                    0x08000217   Thumb Code     0  libinit2.o(.ARM.Collect$$libinit$$00000026)
    __rt_lib_init_alloca_1                   0x0800021b   Thumb Code     0  libinit2.o(.ARM.Collect$$libinit$$00000030)
    __rt_lib_init_argv_1                     0x0800021b   Thumb Code     0  libinit2.o(.ARM.Collect$$libinit$$0000002E)
    __rt_lib_init_cpp_1                      0x0800021b   Thumb Code     0  libinit2.o(.ARM.Collect$$libinit$$00000034)
    __rt_lib_init_exceptions_1               0x0800021b   Thumb Code     0  libinit2.o(.ARM.Collect$$libinit$$00000032)
    __rt_lib_init_return                     0x0800021b   Thumb Code     0  libinit2.o(.ARM.Collect$$libinit$$00000035)
    __rt_lib_init_stdio_1                    0x0800021b   Thumb Code     0  libinit2.o(.ARM.Collect$$libinit$$00000027)
    __rt_lib_shutdown                        0x0800021d   Thumb Code     0  libshutdown.o(.ARM.Collect$$libshutdown$$00000000)
    __rt_lib_shutdown_cpp_1                  0x0800021f   Thumb Code     0  libshutdown2.o(.ARM.Collect$$libshutdown$$00000002)
    __rt_lib_shutdown_stdio_2                0x0800021f   Thumb Code     0  libshutdown2.o(.ARM.Collect$$libshutdown$$00000003)
    __rt_lib_shutdown_fp_trap_1              0x08000223   Thumb Code     0  libshutdown2.o(.ARM.Collect$$libshutdown$$00000007)
    __rt_lib_shutdown_heap_1                 0x08000223   Thumb Code     0  libshutdown2.o(.ARM.Collect$$libshutdown$$0000000F)
    __rt_lib_shutdown_return                 0x08000223   Thumb Code     0  libshutdown2.o(.ARM.Collect$$libshutdown$$00000010)
    __rt_lib_shutdown_signal_1               0x08000223   Thumb Code     0  libshutdown2.o(.ARM.Collect$$libshutdown$$0000000A)
    __rt_lib_shutdown_stdio_1                0x08000223   Thumb Code     0  libshutdown2.o(.ARM.Collect$$libshutdown$$00000004)
    __rt_lib_shutdown_user_alloc_1           0x08000223   Thumb Code     0  libshutdown2.o(.ARM.Collect$$libshutdown$$0000000C)
    __rt_entry                               0x08000225   Thumb Code     0  __rtentry.o(.ARM.Collect$$rtentry$$00000000)
    __rt_entry_presh_1                       0x08000225   Thumb Code     0  __rtentry2.o(.ARM.Collect$$rtentry$$00000002)
    __rt_entry_sh                            0x08000225   Thumb Code     0  __rtentry4.o(.ARM.Collect$$rtentry$$00000004)
    __rt_entry_li                            0x0800022b   Thumb Code     0  __rtentry2.o(.ARM.Collect$$rtentry$$0000000A)
    __rt_entry_postsh_1                      0x0800022b   Thumb Code     0  __rtentry2.o(.ARM.Collect$$rtentry$$00000009)
    __rt_entry_main                          0x0800022f   Thumb Code     0  __rtentry2.o(.ARM.Collect$$rtentry$$0000000D)
    __rt_entry_postli_1                      0x0800022f   Thumb Code     0  __rtentry2.o(.ARM.Collect$$rtentry$$0000000C)
    __rt_exit                                0x08000237   Thumb Code     0  rtexit.o(.ARM.Collect$$rtexit$$00000000)
    __rt_exit_ls                             0x08000239   Thumb Code     0  rtexit2.o(.ARM.Collect$$rtexit$$00000003)
    __rt_exit_prels_1                        0x08000239   Thumb Code     0  rtexit2.o(.ARM.Collect$$rtexit$$00000002)
    __rt_exit_exit                           0x0800023d   Thumb Code     0  rtexit2.o(.ARM.Collect$$rtexit$$00000004)
    Reset_Handler                            0x08000245   Thumb Code     8  startup_stm32f10x_md.o(.text)
    NMI_Handler                              0x0800024d   Thumb Code     2  startup_stm32f10x_md.o(.text)
    HardFault_Handler                        0x0800024f   Thumb Code     2  startup_stm32f10x_md.o(.text)
    MemManage_Handler                        0x08000251   Thumb Code     2  startup_stm32f10x_md.o(.text)
    BusFault_Handler                         0x08000253   Thumb Code     2  startup_stm32f10x_md.o(.text)
    UsageFault_Handler                       0x08000255   Thumb Code     2  startup_stm32f10x_md.o(.text)
    SVC_Handler                              0x08000257   Thumb Code     2  startup_stm32f10x_md.o(.text)
    DebugMon_Handler                         0x08000259   Thumb Code     2  startup_stm32f10x_md.o(.text)
    PendSV_Handler                           0x0800025b   Thumb Code     2  startup_stm32f10x_md.o(.text)
    SysTick_Handler                          0x0800025d   Thumb Code     2  startup_stm32f10x_md.o(.text)
    ADC1_2_IRQHandler                        0x0800025f   Thumb Code     0  startup_stm32f10x_md.o(.text)
    CAN1_RX1_IRQHandler                      0x0800025f   Thumb Code     0  startup_stm32f10x_md.o(.text)
    CAN1_SCE_IRQHandler                      0x0800025f   Thumb Code     0  startup_stm32f10x_md.o(.text)
    DMA1_Channel1_IRQHandler                 0x0800025f   Thumb Code     0  startup_stm32f10x_md.o(.text)
    DMA1_Channel2_IRQHandler                 0x0800025f   Thumb Code     0  startup_stm32f10x_md.o(.text)
    DMA1_Channel3_IRQHandler                 0x0800025f   Thumb Code     0  startup_stm32f10x_md.o(.text)
    DMA1_Channel4_IRQHandler                 0x0800025f   Thumb Code     0  startup_stm32f10x_md.o(.text)
    DMA1_Channel5_IRQHandler                 0x0800025f   Thumb Code     0  startup_stm32f10x_md.o(.text)
    DMA1_Channel6_IRQHandler                 0x0800025f   Thumb Code     0  startup_stm32f10x_md.o(.text)
    DMA1_Channel7_IRQHandler                 0x0800025f   Thumb Code     0  startup_stm32f10x_md.o(.text)
    EXTI0_IRQHandler                         0x0800025f   Thumb Code     0  startup_stm32f10x_md.o(.text)
    EXTI15_10_IRQHandler                     0x0800025f   Thumb Code     0  startup_stm32f10x_md.o(.text)
    EXTI1_IRQHandler                         0x0800025f   Thumb Code     0  startup_stm32f10x_md.o(.text)
    EXTI2_IRQHandler                         0x0800025f   Thumb Code     0  startup_stm32f10x_md.o(.text)
    EXTI3_IRQHandler                         0x0800025f   Thumb Code     0  startup_stm32f10x_md.o(.text)
    EXTI4_IRQHandler                         0x0800025f   Thumb Code     0  startup_stm32f10x_md.o(.text)
    EXTI9_5_IRQHandler                       0x0800025f   Thumb Code     0  startup_stm32f10x_md.o(.text)
    FLASH_IRQHandler                         0x0800025f   Thumb Code     0  startup_stm32f10x_md.o(.text)
    I2C1_ER_IRQHandler                       0x0800025f   Thumb Code     0  startup_stm32f10x_md.o(.text)
    I2C1_EV_IRQHandler                       0x0800025f   Thumb Code     0  startup_stm32f10x_md.o(.text)
    I2C2_ER_IRQHandler                       0x0800025f   Thumb Code     0  startup_stm32f10x_md.o(.text)
    I2C2_EV_IRQHandler                       0x0800025f   Thumb Code     0  startup_stm32f10x_md.o(.text)
    PVD_IRQHandler                           0x0800025f   Thumb Code     0  startup_stm32f10x_md.o(.text)
    RCC_IRQHandler                           0x0800025f   Thumb Code     0  startup_stm32f10x_md.o(.text)
    RTCAlarm_IRQHandler                      0x0800025f   Thumb Code     0  startup_stm32f10x_md.o(.text)
    RTC_IRQHandler                           0x0800025f   Thumb Code     0  startup_stm32f10x_md.o(.text)
    SPI1_IRQHandler                          0x0800025f   Thumb Code     0  startup_stm32f10x_md.o(.text)
    SPI2_IRQHandler                          0x0800025f   Thumb Code     0  startup_stm32f10x_md.o(.text)
    TAMPER_IRQHandler                        0x0800025f   Thumb Code     0  startup_stm32f10x_md.o(.text)
    TIM1_BRK_IRQHandler                      0x0800025f   Thumb Code     0  startup_stm32f10x_md.o(.text)
    TIM1_CC_IRQHandler                       0x0800025f   Thumb Code     0  startup_stm32f10x_md.o(.text)
    TIM1_TRG_COM_IRQHandler                  0x0800025f   Thumb Code     0  startup_stm32f10x_md.o(.text)
    TIM1_UP_IRQHandler                       0x0800025f   Thumb Code     0  startup_stm32f10x_md.o(.text)
    TIM2_IRQHandler                          0x0800025f   Thumb Code     0  startup_stm32f10x_md.o(.text)
    TIM3_IRQHandler                          0x0800025f   Thumb Code     0  startup_stm32f10x_md.o(.text)
    TIM4_IRQHandler                          0x0800025f   Thumb Code     0  startup_stm32f10x_md.o(.text)
    USART1_IRQHandler                        0x0800025f   Thumb Code     0  startup_stm32f10x_md.o(.text)
    USART2_IRQHandler                        0x0800025f   Thumb Code     0  startup_stm32f10x_md.o(.text)
    USART3_IRQHandler                        0x0800025f   Thumb Code     0  startup_stm32f10x_md.o(.text)
    USBWakeUp_IRQHandler                     0x0800025f   Thumb Code     0  startup_stm32f10x_md.o(.text)
    USB_HP_CAN1_TX_IRQHandler                0x0800025f   Thumb Code     0  startup_stm32f10x_md.o(.text)
    USB_LP_CAN1_RX0_IRQHandler               0x0800025f   Thumb Code     0  startup_stm32f10x_md.o(.text)
    WWDG_IRQHandler                          0x0800025f   Thumb Code     0  startup_stm32f10x_md.o(.text)
    __user_initial_stackheap                 0x08000261   Thumb Code     0  startup_stm32f10x_md.o(.text)
    printf                                   0x08000285   Thumb Code    20  printf.o(.text)
    strcmp                                   0x0800029d   Thumb Code   128  strcmpv7m.o(.text)
    __use_two_region_memory                  0x0800031d   Thumb Code     2  heapauxi.o(.text)
    __rt_heap_escrow                         0x0800031f   Thumb Code     2  heapauxi.o(.text)
    __rt_heap_expand                         0x08000321   Thumb Code     2  heapauxi.o(.text)
    __read_errno                             0x08000323   Thumb Code    10  _rserrno.o(.text)
    __set_errno                              0x0800032d   Thumb Code    12  _rserrno.o(.text)
    _printf_pre_padding                      0x08000339   Thumb Code    44  _printf_pad.o(.text)
    _printf_post_padding                     0x08000365   Thumb Code    34  _printf_pad.o(.text)
    _printf_truncate_signed                  0x08000387   Thumb Code    18  _printf_truncate.o(.text)
    _printf_truncate_unsigned                0x08000399   Thumb Code    18  _printf_truncate.o(.text)
    _printf_str                              0x080003ab   Thumb Code    82  _printf_str.o(.text)
    _printf_int_dec                          0x080003fd   Thumb Code   104  _printf_dec.o(.text)
    _printf_charcount                        0x08000475   Thumb Code    40  _printf_charcount.o(.text)
    _printf_char_file                        0x0800049d   Thumb Code    32  _printf_char_file.o(.text)
    _printf_wctomb                           0x080004c1   Thumb Code   182  _printf_wctomb.o(.text)
    _printf_longlong_dec                     0x0800057d   Thumb Code   108  _printf_longlong_dec.o(.text)
    _printf_longlong_oct                     0x080005f9   Thumb Code    68  _printf_oct_int_ll.o(.text)
    _printf_int_oct                          0x0800063d   Thumb Code    24  _printf_oct_int_ll.o(.text)
    _printf_ll_oct                           0x08000655   Thumb Code    12  _printf_oct_int_ll.o(.text)
    _printf_longlong_hex                     0x08000669   Thumb Code    86  _printf_hex_int_ll_ptr.o(.text)
    _printf_int_hex                          0x080006bf   Thumb Code    28  _printf_hex_int_ll_ptr.o(.text)
    _printf_ll_hex                           0x080006db   Thumb Code    12  _printf_hex_int_ll_ptr.o(.text)
    _printf_hex_ptr                          0x080006e7   Thumb Code    18  _printf_hex_int_ll_ptr.o(.text)
    __printf                                 0x080006fd   Thumb Code   388  __printf_flags_ss_wp.o(.text)
    __aeabi_errno_addr                       0x08000885   Thumb Code     8  rt_errno_addr_intlibspace.o(.text)
    __errno$intlibspace                      0x08000885   Thumb Code     0  rt_errno_addr_intlibspace.o(.text)
    __rt_errno_addr$intlibspace              0x08000885   Thumb Code     0  rt_errno_addr_intlibspace.o(.text)
    _ll_udiv10                               0x0800088d   Thumb Code   138  lludiv10.o(.text)
    _printf_int_common                       0x08000917   Thumb Code   178  _printf_intcommon.o(.text)
    _printf_fp_dec_real                      0x08000b79   Thumb Code   620  _printf_fp_dec.o(.text)
    _printf_fp_hex_real                      0x08000de5   Thumb Code   756  _printf_fp_hex.o(.text)
    _printf_char_common                      0x080010eb   Thumb Code    32  _printf_char_common.o(.text)
    _printf_cs_common                        0x08001111   Thumb Code    20  _printf_char.o(.text)
    _printf_char                             0x08001125   Thumb Code    16  _printf_char.o(.text)
    _printf_string                           0x08001135   Thumb Code     8  _printf_char.o(.text)
    _printf_lcs_common                       0x0800113d   Thumb Code    20  _printf_wchar.o(.text)
    _printf_wchar                            0x08001151   Thumb Code    16  _printf_wchar.o(.text)
    _printf_wstring                          0x08001161   Thumb Code     8  _printf_wchar.o(.text)
    ferror                                   0x08001169   Thumb Code     8  ferror.o(.text)
    _initio                                  0x08001171   Thumb Code   210  initio.o(.text)
    _terminateio                             0x08001243   Thumb Code    56  initio.o(.text)
    _c16rtomb                                0x080012a9   Thumb Code    72  _c16rtomb.o(.text)
    _wcrtomb                                 0x080012a9   Thumb Code     0  _c16rtomb.o(.text)
    __user_libspace                          0x080012f1   Thumb Code     8  libspace.o(.text)
    __user_perproc_libspace                  0x080012f1   Thumb Code     0  libspace.o(.text)
    __user_perthread_libspace                0x080012f1   Thumb Code     0  libspace.o(.text)
    __user_setup_stackheap                   0x080012f9   Thumb Code    74  sys_stackheap_outer.o(.text)
    __rt_ctype_table                         0x08001345   Thumb Code    16  rt_ctype_table.o(.text)
    __rt_locale                              0x08001355   Thumb Code     8  rt_locale_intlibspace.o(.text)
    free                                     0x0800135d   Thumb Code    78  h1_free.o(.text)
    _printf_fp_infnan                        0x080013ad   Thumb Code   112  _printf_fp_infnan.o(.text)
    _btod_etento                             0x0800142d   Thumb Code   224  bigflt0.o(.text)
    __flsbuf                                 0x08001511   Thumb Code   482  flsbuf.o(.text)
    __flsbuf_byte                            0x08001511   Thumb Code     0  flsbuf.o(.text)
    __flsbuf_wide                            0x08001511   Thumb Code     0  flsbuf.o(.text)
    setvbuf                                  0x080016f3   Thumb Code    70  setvbuf.o(.text)
    freopen                                  0x08001739   Thumb Code   160  fopen.o(.text)
    fopen                                    0x080017d9   Thumb Code    74  fopen.o(.text)
    _fclose_internal                         0x08001829   Thumb Code    76  fclose.o(.text)
    fclose                                   0x08001829   Thumb Code     0  fclose.o(.text)
    exit                                     0x08001875   Thumb Code    18  exit.o(.text)
    __rt_SIGRTRED                            0x08001887   Thumb Code    14  defsig_rtred_outer.o(.text)
    __aeabi_memclr4                          0x08001895   Thumb Code     0  rt_memclr_w.o(.text)
    __aeabi_memclr8                          0x08001895   Thumb Code     0  rt_memclr_w.o(.text)
    __rt_memclr_w                            0x08001895   Thumb Code     0  rt_memclr_w.o(.text)
    _memset_w                                0x08001899   Thumb Code    74  rt_memclr_w.o(.text)
    __rt_heap_descriptor                     0x080018e5   Thumb Code     8  rt_heap_descriptor_intlibspace.o(.text)
    __use_no_heap                            0x080018ed   Thumb Code     2  hguard.o(.text)
    __heap$guard                             0x080018ef   Thumb Code     2  hguard.o(.text)
    _terminate_user_alloc                    0x080018f1   Thumb Code     2  init_alloc.o(.text)
    _init_user_alloc                         0x080018f3   Thumb Code     2  init_alloc.o(.text)
    __Heap_Full                              0x080018f5   Thumb Code    34  init_alloc.o(.text)
    __Heap_Broken                            0x08001917   Thumb Code     6  init_alloc.o(.text)
    _init_alloc                              0x0800191d   Thumb Code    94  init_alloc.o(.text)
    malloc                                   0x0800197b   Thumb Code    94  h1_alloc.o(.text)
    _fseek                                   0x080019d9   Thumb Code   242  fseek.o(.text)
    fseek                                    0x080019d9   Thumb Code     0  fseek.o(.text)
    _seterr                                  0x08001ad1   Thumb Code    20  stdio.o(.text)
    _writebuf                                0x08001ae5   Thumb Code    84  stdio.o(.text)
    _fflush                                  0x08001b39   Thumb Code    70  stdio.o(.text)
    _deferredlazyseek                        0x08001b7f   Thumb Code    60  stdio.o(.text)
    __sig_exit                               0x08001bc1   Thumb Code    10  defsig_exit.o(.text)
    __rt_SIGRTRED_inner                      0x08001bcd   Thumb Code    14  defsig_rtred_inner.o(.text)
    _sys_exit                                0x08001c01   Thumb Code     8  sys_exit.o(.text)
    __Heap_Initialize                        0x08001c0d   Thumb Code    10  h1_init.o(.text)
    _maybe_terminate_alloc                   0x08001c0d   Thumb Code     0  maybetermalloc1.o(.text)
    __Heap_DescSize                          0x08001c17   Thumb Code     4  h1_init.o(.text)
    __Heap_ProvideMemory                     0x08001c1b   Thumb Code    52  h1_extend.o(.text)
    _ftell_internal                          0x08001c4f   Thumb Code    66  ftell.o(.text)
    ftell                                    0x08001c4f   Thumb Code     0  ftell.o(.text)
    __default_signal_display                 0x08001c91   Thumb Code    50  defsig_general.o(.text)
    __rt_SIGRTMEM                            0x08001cc3   Thumb Code    14  defsig_rtmem_outer.o(.text)
    _ttywrch                                 0x08001cd1   Thumb Code    14  sys_wrch.o(.text)
    __I$use$semihosting                      0x08001cdf   Thumb Code     0  use_no_semi.o(.text)
    __use_no_semihosting_swi                 0x08001cdf   Thumb Code     2  use_no_semi.o(.text)
    __rt_SIGRTMEM_inner                      0x08001ce1   Thumb Code    22  defsig_rtmem_inner.o(.text)
    __semihosting_library_function           0x08001ce1   Thumb Code     0  indicate_semi.o(.text)
    Calc_Mean                                0x08001d31   Thumb Code    90  statstics.o(.text.Calc_Mean)
    Calc_Standard_dev                        0x08001d8d   Thumb Code    60  statstics.o(.text.Calc_Standard_dev)
    Calc_Variance                            0x08001dc9   Thumb Code   132  statstics.o(.text.Calc_Variance)
    ITM_SendChar                             0x08001e4d   Thumb Code    66  retarget_io.o(.text.ITM_SendChar)
    Set_Data                                 0x08001fbd   Thumb Code    62  statstics.o(.text.Set_Data)
    SystemInit                               0x08001ffd   Thumb Code   102  system_stm32f10x.o(.text.SystemInit)
    _sys_close                               0x08002065   Thumb Code    74  retarget_io.o(.text._sys_close)
    _sys_flen                                0x080020b1   Thumb Code    72  retarget_io.o(.text._sys_flen)
    _sys_istty                               0x080020f9   Thumb Code    72  retarget_io.o(.text._sys_istty)
    _sys_open                                0x08002141   Thumb Code   132  retarget_io.o(.text._sys_open)
    _sys_seek                                0x080021c5   Thumb Code    82  retarget_io.o(.text._sys_seek)
    _sys_write                               0x08002219   Thumb Code   118  retarget_io.o(.text._sys_write)
    main                                     0x08002291   Thumb Code   206  main.o(.text.main)
    _btod_d2e                                0x08002371   Thumb Code    62  btod.o(CL$$btod_d2e)
    _d2e_denorm_low                          0x080023af   Thumb Code    70  btod.o(CL$$btod_d2e_denorm_low)
    _d2e_norm_op1                            0x080023f5   Thumb Code    96  btod.o(CL$$btod_d2e_norm_op1)
    __btod_div_common                        0x08002455   Thumb Code   696  btod.o(CL$$btod_div_common)
    _e2e                                     0x0800278d   Thumb Code   220  btod.o(CL$$btod_e2e)
    _btod_ediv                               0x08002869   Thumb Code    42  btod.o(CL$$btod_ediv)
    _btod_emul                               0x08002893   Thumb Code    42  btod.o(CL$$btod_emul)
    __btod_mult_common                       0x080028bd   Thumb Code   580  btod.o(CL$$btod_mult_common)
    __ARM_fpclassify                         0x08002b01   Thumb Code    40  fpclassify.o(i.__ARM_fpclassify)
    _is_digit                                0x08002b29   Thumb Code    14  __printf_wp.o(i._is_digit)
    fputc                                    0x08002b37   Thumb Code    28  fputc.o(i.fputc)
    sqrt                                     0x08002b53   Thumb Code    76  sqrt.o(i.sqrt)
    _get_lc_numeric                          0x08002ba1   Thumb Code    44  lc_numeric_c.o(locale$$code)
    _get_lc_ctype                            0x08002bcd   Thumb Code    44  lc_ctype_c.o(locale$$code)
    __aeabi_d2f                              0x08002bf9   Thumb Code     0  d2f.o(x$fpl$d2f)
    _d2f                                     0x08002bf9   Thumb Code    98  d2f.o(x$fpl$d2f)
    __fpl_dnaninf                            0x08002c5b   Thumb Code   156  dnaninf.o(x$fpl$dnaninf)
    __fpl_dretinf                            0x08002cf7   Thumb Code    12  dretinf.o(x$fpl$dretinf)
    _dsqrt                                   0x08002d05   Thumb Code   456  dsqrt_noumaal.o(x$fpl$dsqrt)
    __aeabi_f2d                              0x08002ed1   Thumb Code     0  f2d.o(x$fpl$f2d)
    _f2d                                     0x08002ed1   Thumb Code    86  f2d.o(x$fpl$f2d)
    __aeabi_fadd                             0x08002f29   Thumb Code     0  faddsub_clz.o(x$fpl$fadd)
    _fadd                                    0x08002f29   Thumb Code   196  faddsub_clz.o(x$fpl$fadd)
    __aeabi_fdiv                             0x08002fed   Thumb Code     0  fdiv.o(x$fpl$fdiv)
    _fdiv                                    0x08002fed   Thumb Code   384  fdiv.o(x$fpl$fdiv)
    __aeabi_i2f                              0x08003171   Thumb Code     0  fflt_clz.o(x$fpl$fflt)
    _fflt                                    0x08003171   Thumb Code    48  fflt_clz.o(x$fpl$fflt)
    __aeabi_fmul                             0x080031a1   Thumb Code     0  fmul.o(x$fpl$fmul)
    _fmul                                    0x080031a1   Thumb Code   258  fmul.o(x$fpl$fmul)
    __fpl_fnaninf                            0x080032a3   Thumb Code   140  fnaninf.o(x$fpl$fnaninf)
    __fpl_fretinf                            0x0800332f   Thumb Code    10  fretinf.o(x$fpl$fretinf)
    __aeabi_fsub                             0x08003339   Thumb Code     0  faddsub_clz.o(x$fpl$fsub)
    _fsub                                    0x08003339   Thumb Code   234  faddsub_clz.o(x$fpl$fsub)
    _printf_fp_dec                           0x08003423   Thumb Code     4  printf1.o(x$fpl$printf1)
    _printf_fp_hex                           0x08003427   Thumb Code     4  printf2.o(x$fpl$printf2)
    __I$use$fp                               0x0800342a   Number         0  usenofp.o(x$fpl$usenofp)
    __stderr_name                            0x08003528   Data           8  retarget_io.o(.rodata.__stderr_name)
    __stdin_name                             0x08003530   Data           7  retarget_io.o(.rodata.__stdin_name)
    __stdout_name                            0x08003537   Data           8  retarget_io.o(.rodata.__stdout_name)
    Region$$Table$$Base                      0x0800359c   Number         0  anon$$obj.o(Region$$Table)
    Region$$Table$$Limit                     0x080035bc   Number         0  anon$$obj.o(Region$$Table)
    __ctype                                  0x080035e5   Data           0  lc_ctype_c.o(locale$$data)
    __aeabi_stdin                            0x20000000   Data           4  stdio_streams.o(.data)
    __aeabi_stdout                           0x20000004   Data           4  stdio_streams.o(.data)
    __aeabi_stderr                           0x20000008   Data           4  stdio_streams.o(.data)
    __stdin                                  0x20000010   Data          84  stdio_streams.o(.bss)
    __stdout                                 0x20000064   Data          84  stdio_streams.o(.bss)
    __stderr                                 0x200000b8   Data          84  stdio_streams.o(.bss)
    __libspace_start                         0x2000010c   Data          96  libspace.o(.bss)
    __temporary_stack_top$libspace           0x2000016c   Data           0  libspace.o(.bss)
    sample                                   0x2000016c   Data          32  main.o(.bss.sample)



==============================================================================

Memory Map of the image

  Image Entry point : 0x080000ed

  Load Region LR_IROM1 (Base: 0x08000000, Size: 0x000036f8, Max: 0x00010000, ABSOLUTE)

    Execution Region ER_IROM1 (Exec base: 0x08000000, Load base: 0x08000000, Size: 0x000036e8, Max: 0x00010000, ABSOLUTE)

    Exec Addr    Load Addr    Size         Type   Attr      Idx    E Section Name        Object

    0x08000000   0x08000000   0x000000ec   Data   RO           61    RESET               startup_stm32f10x_md.o
    0x080000ec   0x080000ec   0x00000008   Code   RO           93  * !!!main             c_w.l(__main.o)
    0x080000f4   0x080000f4   0x00000034   Code   RO          642    !!!scatter          c_w.l(__scatter.o)
    0x08000128   0x08000128   0x0000001a   Code   RO          644    !!handler_copy      c_w.l(__scatter_copy.o)
    0x08000142   0x08000142   0x00000002   PAD
    0x08000144   0x08000144   0x0000001c   Code   RO          646    !!handler_zi        c_w.l(__scatter_zi.o)
    0x08000160   0x08000160   0x00000000   Code   RO          203    .ARM.Collect$$_printf_percent$$00000000  c_w.l(_printf_percent.o)
    0x08000160   0x08000160   0x00000006   Code   RO          192    .ARM.Collect$$_printf_percent$$00000001  c_w.l(_printf_n.o)
    0x08000166   0x08000166   0x00000006   Code   RO          194    .ARM.Collect$$_printf_percent$$00000002  c_w.l(_printf_p.o)
    0x0800016c   0x0800016c   0x00000006   Code   RO          199    .ARM.Collect$$_printf_percent$$00000003  c_w.l(_printf_f.o)
    0x08000172   0x08000172   0x00000006   Code   RO          200    .ARM.Collect$$_printf_percent$$00000004  c_w.l(_printf_e.o)
    0x08000178   0x08000178   0x00000006   Code   RO          201    .ARM.Collect$$_printf_percent$$00000005  c_w.l(_printf_g.o)
    0x0800017e   0x0800017e   0x00000006   Code   RO          202    .ARM.Collect$$_printf_percent$$00000006  c_w.l(_printf_a.o)
    0x08000184   0x08000184   0x0000000a   Code   RO          207    .ARM.Collect$$_printf_percent$$00000007  c_w.l(_printf_ll.o)
    0x0800018e   0x0800018e   0x00000006   Code   RO          196    .ARM.Collect$$_printf_percent$$00000008  c_w.l(_printf_i.o)
    0x08000194   0x08000194   0x00000006   Code   RO          197    .ARM.Collect$$_printf_percent$$00000009  c_w.l(_printf_d.o)
    0x0800019a   0x0800019a   0x00000006   Code   RO          198    .ARM.Collect$$_printf_percent$$0000000A  c_w.l(_printf_u.o)
    0x080001a0   0x080001a0   0x00000006   Code   RO          195    .ARM.Collect$$_printf_percent$$0000000B  c_w.l(_printf_o.o)
    0x080001a6   0x080001a6   0x00000006   Code   RO          193    .ARM.Collect$$_printf_percent$$0000000C  c_w.l(_printf_x.o)
    0x080001ac   0x080001ac   0x00000006   Code   RO          204    .ARM.Collect$$_printf_percent$$0000000D  c_w.l(_printf_lli.o)
    0x080001b2   0x080001b2   0x00000006   Code   RO          205    .ARM.Collect$$_printf_percent$$0000000E  c_w.l(_printf_lld.o)
    0x080001b8   0x080001b8   0x00000006   Code   RO          206    .ARM.Collect$$_printf_percent$$0000000F  c_w.l(_printf_llu.o)
    0x080001be   0x080001be   0x00000006   Code   RO          211    .ARM.Collect$$_printf_percent$$00000010  c_w.l(_printf_llo.o)
    0x080001c4   0x080001c4   0x00000006   Code   RO          212    .ARM.Collect$$_printf_percent$$00000011  c_w.l(_printf_llx.o)
    0x080001ca   0x080001ca   0x0000000a   Code   RO          208    .ARM.Collect$$_printf_percent$$00000012  c_w.l(_printf_l.o)
    0x080001d4   0x080001d4   0x00000006   Code   RO          190    .ARM.Collect$$_printf_percent$$00000013  c_w.l(_printf_c.o)
    0x080001da   0x080001da   0x00000006   Code   RO          191    .ARM.Collect$$_printf_percent$$00000014  c_w.l(_printf_s.o)
    0x080001e0   0x080001e0   0x00000006   Code   RO          209    .ARM.Collect$$_printf_percent$$00000015  c_w.l(_printf_lc.o)
    0x080001e6   0x080001e6   0x00000006   Code   RO          210    .ARM.Collect$$_printf_percent$$00000016  c_w.l(_printf_ls.o)
    0x080001ec   0x080001ec   0x00000004   Code   RO          275    .ARM.Collect$$_printf_percent$$00000017  c_w.l(_printf_percent_end.o)
    0x080001f0   0x080001f0   0x00000002   Code   RO          422    .ARM.Collect$$libinit$$00000000  c_w.l(libinit.o)
    0x080001f2   0x080001f2   0x00000000   Code   RO          424    .ARM.Collect$$libinit$$00000002  c_w.l(libinit2.o)
    0x080001f2   0x080001f2   0x00000000   Code   RO          426    .ARM.Collect$$libinit$$00000004  c_w.l(libinit2.o)
    0x080001f2   0x080001f2   0x00000000   Code   RO          428    .ARM.Collect$$libinit$$00000006  c_w.l(libinit2.o)
    0x080001f2   0x080001f2   0x00000008   Code   RO          429    .ARM.Collect$$libinit$$00000007  c_w.l(libinit2.o)
    0x080001fa   0x080001fa   0x00000000   Code   RO          431    .ARM.Collect$$libinit$$0000000C  c_w.l(libinit2.o)
    0x080001fa   0x080001fa   0x00000000   Code   RO          433    .ARM.Collect$$libinit$$0000000E  c_w.l(libinit2.o)
    0x080001fa   0x080001fa   0x00000000   Code   RO          435    .ARM.Collect$$libinit$$00000010  c_w.l(libinit2.o)
    0x080001fa   0x080001fa   0x00000006   Code   RO          436    .ARM.Collect$$libinit$$00000011  c_w.l(libinit2.o)
    0x08000200   0x08000200   0x00000000   Code   RO          438    .ARM.Collect$$libinit$$00000013  c_w.l(libinit2.o)
    0x08000200   0x08000200   0x0000000c   Code   RO          439    .ARM.Collect$$libinit$$00000014  c_w.l(libinit2.o)
    0x0800020c   0x0800020c   0x00000000   Code   RO          440    .ARM.Collect$$libinit$$00000015  c_w.l(libinit2.o)
    0x0800020c   0x0800020c   0x00000000   Code   RO          442    .ARM.Collect$$libinit$$00000017  c_w.l(libinit2.o)
    0x0800020c   0x0800020c   0x0000000a   Code   RO          443    .ARM.Collect$$libinit$$00000018  c_w.l(libinit2.o)
    0x08000216   0x08000216   0x00000000   Code   RO          444    .ARM.Collect$$libinit$$00000019  c_w.l(libinit2.o)
    0x08000216   0x08000216   0x00000000   Code   RO          446    .ARM.Collect$$libinit$$0000001B  c_w.l(libinit2.o)
    0x08000216   0x08000216   0x00000000   Code   RO          448    .ARM.Collect$$libinit$$0000001D  c_w.l(libinit2.o)
    0x08000216   0x08000216   0x00000000   Code   RO          450    .ARM.Collect$$libinit$$0000001F  c_w.l(libinit2.o)
    0x08000216   0x08000216   0x00000000   Code   RO          452    .ARM.Collect$$libinit$$00000021  c_w.l(libinit2.o)
    0x08000216   0x08000216   0x00000000   Code   RO          454    .ARM.Collect$$libinit$$00000023  c_w.l(libinit2.o)
    0x08000216   0x08000216   0x00000000   Code   RO          456    .ARM.Collect$$libinit$$00000025  c_w.l(libinit2.o)
    0x08000216   0x08000216   0x00000004   Code   RO          457    .ARM.Collect$$libinit$$00000026  c_w.l(libinit2.o)
    0x0800021a   0x0800021a   0x00000000   Code   RO          458    .ARM.Collect$$libinit$$00000027  c_w.l(libinit2.o)
    0x0800021a   0x0800021a   0x00000000   Code   RO          462    .ARM.Collect$$libinit$$0000002E  c_w.l(libinit2.o)
    0x0800021a   0x0800021a   0x00000000   Code   RO          464    .ARM.Collect$$libinit$$00000030  c_w.l(libinit2.o)
    0x0800021a   0x0800021a   0x00000000   Code   RO          466    .ARM.Collect$$libinit$$00000032  c_w.l(libinit2.o)
    0x0800021a   0x0800021a   0x00000000   Code   RO          468    .ARM.Collect$$libinit$$00000034  c_w.l(libinit2.o)
    0x0800021a   0x0800021a   0x00000002   Code   RO          469    .ARM.Collect$$libinit$$00000035  c_w.l(libinit2.o)
    0x0800021c   0x0800021c   0x00000002   Code   RO          621    .ARM.Collect$$libshutdown$$00000000  c_w.l(libshutdown.o)
    0x0800021e   0x0800021e   0x00000000   Code   RO          471    .ARM.Collect$$libshutdown$$00000002  c_w.l(libshutdown2.o)
    0x0800021e   0x0800021e   0x00000004   Code   RO          472    .ARM.Collect$$libshutdown$$00000003  c_w.l(libshutdown2.o)
    0x08000222   0x08000222   0x00000000   Code   RO          473    .ARM.Collect$$libshutdown$$00000004  c_w.l(libshutdown2.o)
    0x08000222   0x08000222   0x00000000   Code   RO          476    .ARM.Collect$$libshutdown$$00000007  c_w.l(libshutdown2.o)
    0x08000222   0x08000222   0x00000000   Code   RO          479    .ARM.Collect$$libshutdown$$0000000A  c_w.l(libshutdown2.o)
    0x08000222   0x08000222   0x00000000   Code   RO          481    .ARM.Collect$$libshutdown$$0000000C  c_w.l(libshutdown2.o)
    0x08000222   0x08000222   0x00000000   Code   RO          484    .ARM.Collect$$libshutdown$$0000000F  c_w.l(libshutdown2.o)
    0x08000222   0x08000222   0x00000002   Code   RO          485    .ARM.Collect$$libshutdown$$00000010  c_w.l(libshutdown2.o)
    0x08000224   0x08000224   0x00000000   Code   RO          121    .ARM.Collect$$rtentry$$00000000  c_w.l(__rtentry.o)
    0x08000224   0x08000224   0x00000000   Code   RO          239    .ARM.Collect$$rtentry$$00000002  c_w.l(__rtentry2.o)
    0x08000224   0x08000224   0x00000006   Code   RO          251    .ARM.Collect$$rtentry$$00000004  c_w.l(__rtentry4.o)
    0x0800022a   0x0800022a   0x00000000   Code   RO          241    .ARM.Collect$$rtentry$$00000009  c_w.l(__rtentry2.o)
    0x0800022a   0x0800022a   0x00000004   Code   RO          242    .ARM.Collect$$rtentry$$0000000A  c_w.l(__rtentry2.o)
    0x0800022e   0x0800022e   0x00000000   Code   RO          244    .ARM.Collect$$rtentry$$0000000C  c_w.l(__rtentry2.o)
    0x0800022e   0x0800022e   0x00000008   Code   RO          245    .ARM.Collect$$rtentry$$0000000D  c_w.l(__rtentry2.o)
    0x08000236   0x08000236   0x00000002   Code   RO          492    .ARM.Collect$$rtexit$$00000000  c_w.l(rtexit.o)
    0x08000238   0x08000238   0x00000000   Code   RO          553    .ARM.Collect$$rtexit$$00000002  c_w.l(rtexit2.o)
    0x08000238   0x08000238   0x00000004   Code   RO          554    .ARM.Collect$$rtexit$$00000003  c_w.l(rtexit2.o)
    0x0800023c   0x0800023c   0x00000006   Code   RO          555    .ARM.Collect$$rtexit$$00000004  c_w.l(rtexit2.o)
    0x08000242   0x08000242   0x00000002   PAD
    0x08000244   0x08000244   0x00000040   Code   RO           62    .text               startup_stm32f10x_md.o
    0x08000284   0x08000284   0x00000018   Code   RO           87    .text               c_w.l(printf.o)
    0x0800029c   0x0800029c   0x00000080   Code   RO           89    .text               c_w.l(strcmpv7m.o)
    0x0800031c   0x0800031c   0x00000006   Code   RO           91    .text               c_w.l(heapauxi.o)
    0x08000322   0x08000322   0x00000016   Code   RO          122    .text               c_w.l(_rserrno.o)
    0x08000338   0x08000338   0x0000004e   Code   RO          126    .text               c_w.l(_printf_pad.o)
    0x08000386   0x08000386   0x00000024   Code   RO          128    .text               c_w.l(_printf_truncate.o)
    0x080003aa   0x080003aa   0x00000052   Code   RO          130    .text               c_w.l(_printf_str.o)
    0x080003fc   0x080003fc   0x00000078   Code   RO          132    .text               c_w.l(_printf_dec.o)
    0x08000474   0x08000474   0x00000028   Code   RO          134    .text               c_w.l(_printf_charcount.o)
    0x0800049c   0x0800049c   0x00000024   Code   RO          136    .text               c_w.l(_printf_char_file.o)
    0x080004c0   0x080004c0   0x000000bc   Code   RO          138    .text               c_w.l(_printf_wctomb.o)
    0x0800057c   0x0800057c   0x0000007c   Code   RO          141    .text               c_w.l(_printf_longlong_dec.o)
    0x080005f8   0x080005f8   0x00000070   Code   RO          147    .text               c_w.l(_printf_oct_int_ll.o)
    0x08000668   0x08000668   0x00000094   Code   RO          167    .text               c_w.l(_printf_hex_int_ll_ptr.o)
    0x080006fc   0x080006fc   0x00000188   Code   RO          187    .text               c_w.l(__printf_flags_ss_wp.o)
    0x08000884   0x08000884   0x00000008   Code   RO          256    .text               c_w.l(rt_errno_addr_intlibspace.o)
    0x0800088c   0x0800088c   0x0000008a   Code   RO          258    .text               c_w.l(lludiv10.o)
    0x08000916   0x08000916   0x000000b2   Code   RO          260    .text               c_w.l(_printf_intcommon.o)
    0x080009c8   0x080009c8   0x0000041c   Code   RO          262    .text               c_w.l(_printf_fp_dec.o)
    0x08000de4   0x08000de4   0x000002fc   Code   RO          266    .text               c_w.l(_printf_fp_hex.o)
    0x080010e0   0x080010e0   0x00000030   Code   RO          269    .text               c_w.l(_printf_char_common.o)
    0x08001110   0x08001110   0x0000002c   Code   RO          271    .text               c_w.l(_printf_char.o)
    0x0800113c   0x0800113c   0x0000002c   Code   RO          273    .text               c_w.l(_printf_wchar.o)
    0x08001168   0x08001168   0x00000008   Code   RO          276    .text               c_w.l(ferror.o)
    0x08001170   0x08001170   0x00000138   Code   RO          282    .text               c_w.l(initio.o)
    0x080012a8   0x080012a8   0x00000048   Code   RO          290    .text               c_w.l(_c16rtomb.o)
    0x080012f0   0x080012f0   0x00000008   Code   RO          292    .text               c_w.l(libspace.o)
    0x080012f8   0x080012f8   0x0000004a   Code   RO          297    .text               c_w.l(sys_stackheap_outer.o)
    0x08001342   0x08001342   0x00000002   PAD
    0x08001344   0x08001344   0x00000010   Code   RO          299    .text               c_w.l(rt_ctype_table.o)
    0x08001354   0x08001354   0x00000008   Code   RO          304    .text               c_w.l(rt_locale_intlibspace.o)
    0x0800135c   0x0800135c   0x0000004e   Code   RO          308    .text               c_w.l(h1_free.o)
    0x080013aa   0x080013aa   0x00000002   PAD
    0x080013ac   0x080013ac   0x00000080   Code   RO          362    .text               c_w.l(_printf_fp_infnan.o)
    0x0800142c   0x0800142c   0x000000e4   Code   RO          366    .text               c_w.l(bigflt0.o)
    0x08001510   0x08001510   0x000001e2   Code   RO          393    .text               c_w.l(flsbuf.o)
    0x080016f2   0x080016f2   0x00000046   Code   RO          395    .text               c_w.l(setvbuf.o)
    0x08001738   0x08001738   0x000000f0   Code   RO          398    .text               c_w.l(fopen.o)
    0x08001828   0x08001828   0x0000004c   Code   RO          400    .text               c_w.l(fclose.o)
    0x08001874   0x08001874   0x00000012   Code   RO          409    .text               c_w.l(exit.o)
    0x08001886   0x08001886   0x0000000e   Code   RO          411    .text               c_w.l(defsig_rtred_outer.o)
    0x08001894   0x08001894   0x0000004e   Code   RO          415    .text               c_w.l(rt_memclr_w.o)
    0x080018e2   0x080018e2   0x00000002   PAD
    0x080018e4   0x080018e4   0x00000008   Code   RO          499    .text               c_w.l(rt_heap_descriptor_intlibspace.o)
    0x080018ec   0x080018ec   0x00000004   Code   RO          501    .text               c_w.l(hguard.o)
    0x080018f0   0x080018f0   0x0000008a   Code   RO          503    .text               c_w.l(init_alloc.o)
    0x0800197a   0x0800197a   0x0000005e   Code   RO          509    .text               c_w.l(h1_alloc.o)
    0x080019d8   0x080019d8   0x000000f8   Code   RO          525    .text               c_w.l(fseek.o)
    0x08001ad0   0x08001ad0   0x000000f0   Code   RO          527    .text               c_w.l(stdio.o)
    0x08001bc0   0x08001bc0   0x0000000a   Code   RO          536    .text               c_w.l(defsig_exit.o)
    0x08001bca   0x08001bca   0x00000002   PAD
    0x08001bcc   0x08001bcc   0x00000034   Code   RO          538    .text               c_w.l(defsig_rtred_inner.o)
    0x08001c00   0x08001c00   0x0000000c   Code   RO          548    .text               c_w.l(sys_exit.o)
    0x08001c0c   0x08001c0c   0x00000000   Code   RO          559    .text               c_w.l(maybetermalloc1.o)
    0x08001c0c   0x08001c0c   0x0000000e   Code   RO          561    .text               c_w.l(h1_init.o)
    0x08001c1a   0x08001c1a   0x00000034   Code   RO          563    .text               c_w.l(h1_extend.o)
    0x08001c4e   0x08001c4e   0x00000042   Code   RO          575    .text               c_w.l(ftell.o)
    0x08001c90   0x08001c90   0x00000032   Code   RO          583    .text               c_w.l(defsig_general.o)
    0x08001cc2   0x08001cc2   0x0000000e   Code   RO          585    .text               c_w.l(defsig_rtmem_outer.o)
    0x08001cd0   0x08001cd0   0x0000000e   Code   RO          600    .text               c_w.l(sys_wrch.o)
    0x08001cde   0x08001cde   0x00000002   Code   RO          608    .text               c_w.l(use_no_semi.o)
    0x08001ce0   0x08001ce0   0x00000000   Code   RO          610    .text               c_w.l(indicate_semi.o)
    0x08001ce0   0x08001ce0   0x00000050   Code   RO          615    .text               c_w.l(defsig_rtmem_inner.o)
    0x08001d30   0x08001d30   0x0000005a   Code   RO           15    .text.Calc_Mean     statstics.o
    0x08001d8a   0x08001d8a   0x00000002   PAD
    0x08001d8c   0x08001d8c   0x0000003c   Code   RO           19    .text.Calc_Standard_dev  statstics.o
    0x08001dc8   0x08001dc8   0x00000084   Code   RO           17    .text.Calc_Variance  statstics.o
    0x08001e4c   0x08001e4c   0x00000042   Code   RO           28    .text.ITM_SendChar  retarget_io.o
    0x08001e8e   0x08001e8e   0x00000002   PAD
    0x08001e90   0x08001e90   0x00000008   Code   RO           71    .text.SetSysClock   system_stm32f10x.o
    0x08001e98   0x08001e98   0x00000122   Code   RO           75    .text.SetSysClockTo72  system_stm32f10x.o
    0x08001fba   0x08001fba   0x00000002   PAD
    0x08001fbc   0x08001fbc   0x0000003e   Code   RO           13    .text.Set_Data      statstics.o
    0x08001ffa   0x08001ffa   0x00000002   PAD
    0x08001ffc   0x08001ffc   0x00000066   Code   RO           69    .text.SystemInit    system_stm32f10x.o
    0x08002062   0x08002062   0x00000002   PAD
    0x08002064   0x08002064   0x0000004a   Code   RO           34    .text._sys_close    retarget_io.o
    0x080020ae   0x080020ae   0x00000002   PAD
    0x080020b0   0x080020b0   0x00000048   Code   RO           46    .text._sys_flen     retarget_io.o
    0x080020f8   0x080020f8   0x00000048   Code   RO           42    .text._sys_istty    retarget_io.o
    0x08002140   0x08002140   0x00000084   Code   RO           32    .text._sys_open     retarget_io.o
    0x080021c4   0x080021c4   0x00000052   Code   RO           44    .text._sys_seek     retarget_io.o
    0x08002216   0x08002216   0x00000002   PAD
    0x08002218   0x08002218   0x00000076   Code   RO           36    .text._sys_write    retarget_io.o
    0x0800228e   0x0800228e   0x00000002   PAD
    0x08002290   0x08002290   0x000000ce   Code   RO            2    .text.main          main.o
    0x0800235e   0x0800235e   0x00000002   PAD
    0x08002360   0x08002360   0x00000010   Code   RO           38    .text.stdout_putchar  retarget_io.o
    0x08002370   0x08002370   0x0000003e   Code   RO          369    CL$$btod_d2e        c_w.l(btod.o)
    0x080023ae   0x080023ae   0x00000046   Code   RO          371    CL$$btod_d2e_denorm_low  c_w.l(btod.o)
    0x080023f4   0x080023f4   0x00000060   Code   RO          370    CL$$btod_d2e_norm_op1  c_w.l(btod.o)
    0x08002454   0x08002454   0x00000338   Code   RO          379    CL$$btod_div_common  c_w.l(btod.o)
    0x0800278c   0x0800278c   0x000000dc   Code   RO          376    CL$$btod_e2e        c_w.l(btod.o)
    0x08002868   0x08002868   0x0000002a   Code   RO          373    CL$$btod_ediv       c_w.l(btod.o)
    0x08002892   0x08002892   0x0000002a   Code   RO          372    CL$$btod_emul       c_w.l(btod.o)
    0x080028bc   0x080028bc   0x00000244   Code   RO          378    CL$$btod_mult_common  c_w.l(btod.o)
    0x08002b00   0x08002b00   0x00000028   Code   RO          490    i.__ARM_fpclassify  m_ws.l(fpclassify.o)
    0x08002b28   0x08002b28   0x0000000e   Code   RO          180    i._is_digit         c_w.l(__printf_wp.o)
    0x08002b36   0x08002b36   0x0000001c   Code   RO          279    i.fputc             c_w.l(fputc.o)
    0x08002b52   0x08002b52   0x0000004c   Code   RO          118    i.sqrt              m_ws.l(sqrt.o)
    0x08002b9e   0x08002b9e   0x00000002   PAD
    0x08002ba0   0x08002ba0   0x0000002c   Code   RO          407    locale$$code        c_w.l(lc_numeric_c.o)
    0x08002bcc   0x08002bcc   0x0000002c   Code   RO          534    locale$$code        c_w.l(lc_ctype_c.o)
    0x08002bf8   0x08002bf8   0x00000062   Code   RO           95    x$fpl$d2f           fz_ws.l(d2f.o)
    0x08002c5a   0x08002c5a   0x0000009c   Code   RO          219    x$fpl$dnaninf       fz_ws.l(dnaninf.o)
    0x08002cf6   0x08002cf6   0x0000000c   Code   RO          221    x$fpl$dretinf       fz_ws.l(dretinf.o)
    0x08002d02   0x08002d02   0x00000002   PAD
    0x08002d04   0x08002d04   0x000001cc   Code   RO          223    x$fpl$dsqrt         fz_ws.l(dsqrt_noumaal.o)
    0x08002ed0   0x08002ed0   0x00000056   Code   RO           97    x$fpl$f2d           fz_ws.l(f2d.o)
    0x08002f26   0x08002f26   0x00000002   PAD
    0x08002f28   0x08002f28   0x000000c4   Code   RO           99    x$fpl$fadd          fz_ws.l(faddsub_clz.o)
    0x08002fec   0x08002fec   0x00000184   Code   RO          106    x$fpl$fdiv          fz_ws.l(fdiv.o)
    0x08003170   0x08003170   0x00000030   Code   RO          110    x$fpl$fflt          fz_ws.l(fflt_clz.o)
    0x080031a0   0x080031a0   0x00000102   Code   RO          115    x$fpl$fmul          fz_ws.l(fmul.o)
    0x080032a2   0x080032a2   0x0000008c   Code   RO          225    x$fpl$fnaninf       fz_ws.l(fnaninf.o)
    0x0800332e   0x0800332e   0x0000000a   Code   RO          227    x$fpl$fretinf       fz_ws.l(fretinf.o)
    0x08003338   0x08003338   0x000000ea   Code   RO          101    x$fpl$fsub          fz_ws.l(faddsub_clz.o)
    0x08003422   0x08003422   0x00000004   Code   RO          229    x$fpl$printf1       fz_ws.l(printf1.o)
    0x08003426   0x08003426   0x00000004   Code   RO          231    x$fpl$printf2       fz_ws.l(printf2.o)
    0x0800342a   0x0800342a   0x00000000   Code   RO          237    x$fpl$usenofp       fz_ws.l(usenofp.o)
    0x0800342a   0x0800342a   0x00000002   PAD
    0x0800342c   0x0800342c   0x00000008   Data   RO          139    .constdata          c_w.l(_printf_wctomb.o)
    0x08003434   0x08003434   0x00000028   Data   RO          168    .constdata          c_w.l(_printf_hex_int_ll_ptr.o)
    0x0800345c   0x0800345c   0x00000011   Data   RO          188    .constdata          c_w.l(__printf_flags_ss_wp.o)
    0x0800346d   0x0800346d   0x00000026   Data   RO          267    .constdata          c_w.l(_printf_fp_hex.o)
    0x08003493   0x08003493   0x00000001   PAD
    0x08003494   0x08003494   0x00000094   Data   RO          367    .constdata          c_w.l(bigflt0.o)
    0x08003528   0x08003528   0x00000008   Data   RO           51    .rodata.__stderr_name  retarget_io.o
    0x08003530   0x08003530   0x00000007   Data   RO           49    .rodata.__stdin_name  retarget_io.o
    0x08003537   0x08003537   0x00000008   Data   RO           50    .rodata.__stdout_name  retarget_io.o
    0x0800353f   0x0800353f   0x00000046   Data   RO            5    .rodata.str1.1      main.o
    0x08003585   0x08003585   0x00000017   Data   RO           52    .rodata.str1.1      retarget_io.o
    0x0800359c   0x0800359c   0x00000020   Data   RO          641    Region$$Table       anon$$obj.o
    0x080035bc   0x080035bc   0x0000001c   Data   RO          406    locale$$data        c_w.l(lc_numeric_c.o)
    0x080035d8   0x080035d8   0x00000110   Data   RO          533    locale$$data        c_w.l(lc_ctype_c.o)


    Execution Region RW_IRAM1 (Exec base: 0x20000000, Load base: 0x080036e8, Size: 0x00000790, Max: 0x00005000, ABSOLUTE)

    Exec Addr    Load Addr    Size         Type   Attr      Idx    E Section Name        Object

    0x20000000   0x080036e8   0x00000004   Data   RW          216    .data               c_w.l(stdio_streams.o)
    0x20000004   0x080036ec   0x00000004   Data   RW          217    .data               c_w.l(stdio_streams.o)
    0x20000008   0x080036f0   0x00000004   Data   RW          218    .data               c_w.l(stdio_streams.o)
    0x2000000c   0x080036f4   0x00000004   PAD
    0x20000010        -       0x00000054   Zero   RW          213    .bss                c_w.l(stdio_streams.o)
    0x20000064        -       0x00000054   Zero   RW          214    .bss                c_w.l(stdio_streams.o)
    0x200000b8        -       0x00000054   Zero   RW          215    .bss                c_w.l(stdio_streams.o)
    0x2000010c        -       0x00000060   Zero   RW          293    .bss                c_w.l(libspace.o)
    0x2000016c        -       0x00000020   Zero   RW            4    .bss.sample         main.o
    0x2000018c   0x080036f4   0x00000004   PAD
    0x20000190        -       0x00000200   Zero   RW           60    HEAP                startup_stm32f10x_md.o
    0x20000390        -       0x00000400   Zero   RW           59    STACK               startup_stm32f10x_md.o


==============================================================================

Image component sizes


      Code (inc. data)   RO Data    RW Data    ZI Data      Debug   Object Name

       206          0         70          0         32        897   main.o
       632          0         46          0          0       2857   retarget_io.o
        64         26        236          0       1536        856   startup_stm32f10x_md.o
       344          0          0          0          0       1727   statstics.o
       400          0          0          0          0       2823   system_stm32f10x.o

    ----------------------------------------------------------------------
      1664         26        384          0       1572       9160   Object Totals
         0          0         32          0          0          0   (incl. Generated)
        18          0          0          0          4          0   (incl. Padding)

    ----------------------------------------------------------------------

      Code (inc. data)   RO Data    RW Data    ZI Data      Debug   Library Member Name

         8          0          0          0          0         68   __main.o
       392          4         17          0          0         92   __printf_flags_ss_wp.o
        14          0          0          0          0         68   __printf_wp.o
         0          0          0          0          0          0   __rtentry.o
        12          0          0          0          0          0   __rtentry2.o
         6          0          0          0          0          0   __rtentry4.o
        52          8          0          0          0          0   __scatter.o
        26          0          0          0          0          0   __scatter_copy.o
        28          0          0          0          0          0   __scatter_zi.o
        72          0          0          0          0         96   _c16rtomb.o
         6          0          0          0          0          0   _printf_a.o
         6          0          0          0          0          0   _printf_c.o
        44          0          0          0          0        108   _printf_char.o
        48          6          0          0          0         96   _printf_char_common.o
        36          4          0          0          0         80   _printf_char_file.o
        40          0          0          0          0         68   _printf_charcount.o
         6          0          0          0          0          0   _printf_d.o
       120         16          0          0          0         92   _printf_dec.o
         6          0          0          0          0          0   _printf_e.o
         6          0          0          0          0          0   _printf_f.o
      1052          0          0          0          0        148   _printf_fp_dec.o
       764          8         38          0          0        100   _printf_fp_hex.o
       128         16          0          0          0         84   _printf_fp_infnan.o
         6          0          0          0          0          0   _printf_g.o
       148          4         40          0          0        160   _printf_hex_int_ll_ptr.o
         6          0          0          0          0          0   _printf_i.o
       178          0          0          0          0         88   _printf_intcommon.o
        10          0          0          0          0          0   _printf_l.o
         6          0          0          0          0          0   _printf_lc.o
        10          0          0          0          0          0   _printf_ll.o
         6          0          0          0          0          0   _printf_lld.o
         6          0          0          0          0          0   _printf_lli.o
         6          0          0          0          0          0   _printf_llo.o
         6          0          0          0          0          0   _printf_llu.o
         6          0          0          0          0          0   _printf_llx.o
       124         16          0          0          0         92   _printf_longlong_dec.o
         6          0          0          0          0          0   _printf_ls.o
         6          0          0          0          0          0   _printf_n.o
         6          0          0          0          0          0   _printf_o.o
       112          8          0          0          0        124   _printf_oct_int_ll.o
         6          0          0          0          0          0   _printf_p.o
        78          0          0          0          0        108   _printf_pad.o
         0          0          0          0          0          0   _printf_percent.o
         4          0          0          0          0          0   _printf_percent_end.o
         6          0          0          0          0          0   _printf_s.o
        82          0          0          0          0         80   _printf_str.o
        36          0          0          0          0         84   _printf_truncate.o
         6          0          0          0          0          0   _printf_u.o
        44          0          0          0          0        108   _printf_wchar.o
       188          6          8          0          0         92   _printf_wctomb.o
         6          0          0          0          0          0   _printf_x.o
        22          0          0          0          0        100   _rserrno.o
       228          4        148          0          0         96   bigflt0.o
      1936        128          0          0          0        668   btod.o
        10          0          0          0          0         68   defsig_exit.o
        50          0          0          0          0         88   defsig_general.o
        80         58          0          0          0         76   defsig_rtmem_inner.o
        14          0          0          0          0         80   defsig_rtmem_outer.o
        52         38          0          0          0         76   defsig_rtred_inner.o
        14          0          0          0          0         80   defsig_rtred_outer.o
        18          0          0          0          0         80   exit.o
        76          0          0          0          0         88   fclose.o
         8          0          0          0          0         68   ferror.o
       482          0          0          0          0         92   flsbuf.o
       240          6          0          0          0        128   fopen.o
        28          0          0          0          0         68   fputc.o
       248          6          0          0          0         84   fseek.o
        66          0          0          0          0         76   ftell.o
        94          0          0          0          0         80   h1_alloc.o
        52          0          0          0          0         68   h1_extend.o
        78          0          0          0          0         80   h1_free.o
        14          0          0          0          0         84   h1_init.o
         6          0          0          0          0        152   heapauxi.o
         4          0          0          0          0        136   hguard.o
         0          0          0          0          0          0   indicate_semi.o
       138          0          0          0          0        168   init_alloc.o
       312         46          0          0          0        112   initio.o
        44         10        272          0          0         76   lc_ctype_c.o
        44         10         28          0          0         76   lc_numeric_c.o
         2          0          0          0          0          0   libinit.o
        42          0          0          0          0          0   libinit2.o
         2          0          0          0          0          0   libshutdown.o
         6          0          0          0          0          0   libshutdown2.o
         8          4          0          0         96         68   libspace.o
       138          0          0          0          0         80   lludiv10.o
         0          0          0          0          0          0   maybetermalloc1.o
        24          4          0          0          0         84   printf.o
        16          4          0          0          0         76   rt_ctype_table.o
         8          4          0          0          0         68   rt_errno_addr_intlibspace.o
         8          4          0          0          0         68   rt_heap_descriptor_intlibspace.o
         8          4          0          0          0         68   rt_locale_intlibspace.o
        78          0          0          0          0         80   rt_memclr_w.o
         2          0          0          0          0          0   rtexit.o
        10          0          0          0          0          0   rtexit2.o
        70          0          0          0          0         80   setvbuf.o
       240          6          0          0          0        156   stdio.o
         0          0          0         12        252          0   stdio_streams.o
       128          0          0          0          0         68   strcmpv7m.o
        12          4          0          0          0         68   sys_exit.o
        74          0          0          0          0         80   sys_stackheap_outer.o
        14          0          0          0          0         76   sys_wrch.o
         2          0          0          0          0         68   use_no_semi.o
        98          4          0          0          0         92   d2f.o
       156          4          0          0          0         92   dnaninf.o
        12          0          0          0          0         68   dretinf.o
       460         56          0          0          0        120   dsqrt_noumaal.o
        86          4          0          0          0         84   f2d.o
       430          8          0          0          0        168   faddsub_clz.o
       388         76          0          0          0         96   fdiv.o
        48          0          0          0          0         68   fflt_clz.o
       258          4          0          0          0         84   fmul.o
       140          4          0          0          0         84   fnaninf.o
        10          0          0          0          0         68   fretinf.o
         4          0          0          0          0         68   printf1.o
         4          0          0          0          0         68   printf2.o
         0          0          0          0          0          0   usenofp.o
        40          0          0          0          0         68   fpclassify.o
        76          0          0          0          0         84   sqrt.o

    ----------------------------------------------------------------------
     11456        596        552         12        352       7584   Library Totals
        20          0          1          0          4          0   (incl. Padding)

    ----------------------------------------------------------------------

      Code (inc. data)   RO Data    RW Data    ZI Data      Debug   Library Name

      9226        436        551         12        348       6272   c_w.l
      2094        160          0          0          0       1160   fz_ws.l
       116          0          0          0          0        152   m_ws.l

    ----------------------------------------------------------------------
     11456        596        552         12        352       7584   Library Totals

    ----------------------------------------------------------------------

==============================================================================


      Code (inc. data)   RO Data    RW Data    ZI Data      Debug   

     13120        622        936         12       1924      12416   Grand Totals
     13120        622        936         12       1924      12416   ELF Image Totals
     13120        622        936         12          0          0   ROM Totals

==============================================================================

    Total RO  Size (Code + RO Data)                14056 (  13.73kB)
    Total RW  Size (RW Data + ZI Data)              1936 (   1.89kB)
    Total ROM Size (Code + RO Data + RW Data)      14068 (  13.74kB)

==============================================================================

